// Jest Snapshot v1, https://goo.gl/fbAQLP

exports[`<BaseInput /> should display success validation state 1`] = `"<div id="root"><div data-blade-component="base-box" class="BaseBox-bmPWx iutvIJ"><div data-blade-component="base-box" class="BaseBox-bmPWx jjVhDm"><div data-blade-component="base-box" class="BaseBox-bmPWx iMRrjR"><label for="name-undefined-input-undefined" style="width:auto;flex-shrink:0;margin-right:16px" data-blade-component="form-label"><div data-blade-component="base-box" class="BaseBox-bmPWx cWPgGA"><div data-blade-component="base-box" class="BaseBox-bmPWx cEagQj"><p class="StyledBaseText-dVBfTO caEKek" data-blade-component="text">Enter name</p><div data-blade-component="visually-hidden" class="VisuallyHiddenweb__StyledVisuallyHidden-g3hls3-0 ijVANw"><p class="StyledBaseText-dVBfTO kGtJcI" data-blade-component="text"></p></div></div></div></label></div><div data-blade-component="base-box" class="BaseBox-bmPWx AnimatedBaseInputWrapperweb__StyledBaseInputWrapper-e1vobd-0 AnimatedBaseInputWrapperweb__StyledAnimatedBaseInputWrapper-e1vobd-1 iutvIJ lhgKUU"><input type="text" id="name-undefined-input-undefined" data-blade-component="styled-base-input" aria-required="false" aria-disabled="false" aria-invalid="false" aria-describedby="name-undefined-successtext-undefined" class="StyledBaseInputweb__StyledBaseNativeInput-hsusrk-0 dPSWEL"/><div data-blade-component="base-box" class="BaseBox-bmPWx BaseInputAnimatedBorderweb__BaseInputStyledAnimatedBorder-sc-2cepod-0 iutvIJ dCWMmg"></div></div></div><div data-blade-component="base-box" class="BaseBox-bmPWx hVlzDw"><div data-blade-component="base-box" class="BaseBox-bmPWx gLSGJV"><div data-blade-component="base-box" class="BaseBox-bmPWx jLQgVY"><span style="word-break:break-all" data-blade-component="base-box" class="BaseBox-bmPWx bgHiDR"><svg aria-hidden="true" data-blade-component="icon" height="12px" viewBox="0 0 24 24" width="12px" fill="none" class="Svgweb__StyledSvg-vcmjs8-0 dhIfXO"><path d="M20.7071 5.29289C21.0976 5.68342 21.0976 6.31658 20.7071 6.70711L9.70711 17.7071C9.31658 18.0976 8.68342 18.0976 8.29289 17.7071L3.29289 12.7071C2.90237 12.3166 2.90237 11.6834 3.29289 11.2929C3.68342 10.9024 4.31658 10.9024 4.70711 11.2929L9 15.5858L19.2929 5.29289C19.6834 4.90237 20.3166 4.90237 20.7071 5.29289Z" clip-rule="evenodd" fill="hsla(160, 100%, 26%, 1)" fill-rule="evenodd" data-blade-component="svg-path"></path></svg><div data-blade-component="base-box" class="BaseBox-bmPWx gHTkjH"></div><span class="StyledBaseText-dVBfTO hUMTvl" id="name-undefined-successtext-undefined" data-blade-component="base-text">Success</span></span></div></div></div></div></div>"`;

exports[`<BaseInput /> should display success validation state 2`] = `
<div
  id="root"
>
  <div
    class="BaseBox-bmPWx iutvIJ"
    data-blade-component="base-box"
  >
    <div
      class="BaseBox-bmPWx jjVhDm"
      data-blade-component="base-box"
    >
      <div
        class="BaseBox-bmPWx iMRrjR"
        data-blade-component="base-box"
      >
        <label
          data-blade-component="form-label"
          for="name-1-input-2"
          style="width:auto;flex-shrink:0;margin-right:16px"
        >
          <div
            class="BaseBox-bmPWx cWPgGA"
            data-blade-component="base-box"
          >
            <div
              class="BaseBox-bmPWx cEagQj"
              data-blade-component="base-box"
            >
              <p
                class="StyledBaseText-dVBfTO caEKek"
                data-blade-component="text"
              >
                Enter name
              </p>
              <div
                class="VisuallyHiddenweb__StyledVisuallyHidden-g3hls3-0 ijVANw"
                data-blade-component="visually-hidden"
              >
                <p
                  class="StyledBaseText-dVBfTO kGtJcI"
                  data-blade-component="text"
                />
              </div>
            </div>
          </div>
        </label>
      </div>
      <div
        class="BaseBox-bmPWx AnimatedBaseInputWrapperweb__StyledBaseInputWrapper-e1vobd-0 AnimatedBaseInputWrapperweb__StyledAnimatedBaseInputWrapper-e1vobd-1 iutvIJ lhgKUU"
        data-blade-component="base-box"
      >
        <input
          aria-describedby="name-1-successtext-5"
          aria-disabled="false"
          aria-invalid="false"
          aria-required="false"
          class="StyledBaseInputweb__StyledBaseNativeInput-hsusrk-0 dPSWEL"
          data-blade-component="styled-base-input"
          id="name-1-input-2"
          type="text"
          value=""
        />
        <div
          class="BaseBox-bmPWx BaseInputAnimatedBorderweb__BaseInputStyledAnimatedBorder-sc-2cepod-0 iutvIJ dCWMmg"
          data-blade-component="base-box"
        />
      </div>
    </div>
    <div
      class="BaseBox-bmPWx hVlzDw"
      data-blade-component="base-box"
    >
      <div
        class="BaseBox-bmPWx gLSGJV"
        data-blade-component="base-box"
      >
        <div
          class="BaseBox-bmPWx jLQgVY"
          data-blade-component="base-box"
        >
          <span
            class="BaseBox-bmPWx bgHiDR"
            data-blade-component="base-box"
            style="word-break:break-all"
          >
            <svg
              aria-hidden="true"
              class="Svgweb__StyledSvg-vcmjs8-0 dhIfXO"
              data-blade-component="icon"
              fill="none"
              height="12px"
              viewBox="0 0 24 24"
              width="12px"
            >
              <path
                clip-rule="evenodd"
                d="M20.7071 5.29289C21.0976 5.68342 21.0976 6.31658 20.7071 6.70711L9.70711 17.7071C9.31658 18.0976 8.68342 18.0976 8.29289 17.7071L3.29289 12.7071C2.90237 12.3166 2.90237 11.6834 3.29289 11.2929C3.68342 10.9024 4.31658 10.9024 4.70711 11.2929L9 15.5858L19.2929 5.29289C19.6834 4.90237 20.3166 4.90237 20.7071 5.29289Z"
                data-blade-component="svg-path"
                fill="hsla(160, 100%, 26%, 1)"
                fill-rule="evenodd"
              />
            </svg>
            <div
              class="BaseBox-bmPWx gHTkjH"
              data-blade-component="base-box"
            />
            <span
              class="StyledBaseText-dVBfTO hUMTvl"
              data-blade-component="base-text"
              id="name-1-successtext-5"
            >
              Success
            </span>
          </span>
        </div>
      </div>
    </div>
  </div>
</div>
`;
