// Jest Snapshot v1, https://goo.gl/fbAQLP

exports[`<Card /> should render a Card with Header & Footer 1`] = `"<div id="root"><div data-blade-component="card" class="BaseBox-bmPWx CardRootweb__StyledCardRoot-sc-1nb70ck-0 eHiLrj HaNCY"><div elevation="lowRaised" data-blade-component="base-box" class="BaseBox-bmPWx CardSurfaceweb__CardSurface-sc-1pgxikk-0 gUqrUG fXiyxY"><div data-blade-component="card-header" class="BaseBox-bmPWx bUrVm"><div data-blade-component="base-box" class="BaseBox-bmPWx jfuTEW"><div data-blade-component="base-box" class="BaseBox-bmPWx gfHtly"><div data-blade-component="base-box" class="BaseBox-bmPWx elboBh"><svg aria-hidden="true" data-blade-component="icon" height="24px" viewBox="0 0 24 24" width="24px" fill="none" class="Svgweb__StyledSvg-vcmjs8-0 dhIfXO"><path d="M12 11C12.5523 11 13 11.4477 13 12V16C13 16.5523 12.5523 17 12 17C11.4477 17 11 16.5523 11 16V12C11 11.4477 11.4477 11 12 11Z" fill="hsla(217, 56%, 17%, 1)" data-blade-component="svg-path"></path><path d="M12 7C11.4477 7 11 7.44772 11 8C11 8.55228 11.4477 9 12 9H12.01C12.5623 9 13.01 8.55228 13.01 8C13.01 7.44772 12.5623 7 12.01 7H12Z" fill="hsla(217, 56%, 17%, 1)" data-blade-component="svg-path"></path><path d="M1 12C1 5.92487 5.92487 1 12 1C18.0751 1 23 5.92487 23 12C23 18.0751 18.0751 23 12 23C5.92487 23 1 18.0751 1 12ZM12 3C7.02944 3 3 7.02944 3 12C3 16.9706 7.02944 21 12 21C16.9706 21 21 16.9706 21 12C21 7.02944 16.9706 3 12 3Z" clip-rule="evenodd" fill="hsla(217, 56%, 17%, 1)" fill-rule="evenodd" data-blade-component="svg-path"></path></svg></div><div data-blade-component="base-box" class="BaseBox-bmPWx diSXWw"><div data-blade-component="base-box" class="BaseBox-bmPWx dHddi"><h6 class="StyledBaseText-dVBfTO hYiPbA" data-blade-component="heading">Card Header</h6><div data-blade-component="base-box" class="BaseBox-bmPWx gdPaGc"><div data-blade-component="counter" class="BaseBox-bmPWx gqpWEB"><div data-blade-component="base-box" class="BaseBox-bmPWx StyledCounterweb__StyledCounter-sc-1itt9w6-0 cfmnlm jDxWaJ"><div data-blade-component="base-box" class="BaseBox-bmPWx bvGbXd"><p class="StyledBaseText-dVBfTO jgInrd" data-blade-component="text">12</p></div></div></div></div></div><p class="StyledBaseText-dVBfTO hwHfuS" data-blade-component="text">Card subtitle</p></div></div><div data-blade-component="base-box" class="BaseBox-bmPWx ijqnj"><div data-blade-component="badge" class="BaseBox-bmPWx gqpWEB"><div data-blade-component="base-box" class="BaseBox-bmPWx StyledBadgeweb__StyledBadge-sc-1svn4tv-0 kYYYHR cGzedU"><div data-blade-component="base-box" class="BaseBox-bmPWx bvGbXd"><p class="StyledBaseText-dVBfTO ghUfJK" data-blade-component="text">NEW</p></div></div></div></div></div><div data-blade-component="divider" role="separator" class="BaseBox-bmPWx Divider__StyledDivider-sc-8k3avj-0 gSXrEz hSwZSx"></div></div><div data-blade-component="card-body" class="BaseBox-bmPWx iutvIJ"><p class="StyledBaseText-dVBfTO kGtJcI" data-blade-component="text">Plain Card</p></div><div data-blade-component="card-footer" class="BaseBox-bmPWx mMnjj"><div data-blade-component="base-box" class="BaseBox-bmPWx icsKNG"></div><div data-blade-component="divider" role="separator" class="BaseBox-bmPWx Divider__StyledDivider-sc-8k3avj-0 gSXrEz hSwZSx"></div><div data-blade-component="base-box" class="BaseBox-bmPWx hQeIFe"><div data-blade-component="base-box" class="BaseBox-bmPWx cjYzGm"><p class="StyledBaseText-dVBfTO hRBMUb" data-blade-component="text">Card Footer</p><p class="StyledBaseText-dVBfTO hjHalV" data-blade-component="text">Card footer subtitle</p></div><div data-blade-component="base-box" class="BaseBox-bmPWx GfzUQ"><div data-blade-component="base-box" class="BaseBox-bmPWx hrdrUu"><button type="button" data-blade-component="button" role="button" class="StyledBaseButtonweb__StyledBaseButton-sc-26bt38-0 iKCvIj"><div opacity="1" data-blade-component="base-box" class="BaseBox-bmPWx gRxylf"><div class="StyledBaseText-dVBfTO kKJmGb" data-blade-component="base-text">Delete</div></div></button></div><div data-blade-component="base-box" class="BaseBox-bmPWx cZcnnP"></div><div data-blade-component="base-box" class="BaseBox-bmPWx hrdrUu"><button type="button" data-blade-component="button" role="button" class="StyledBaseButtonweb__StyledBaseButton-sc-26bt38-0 bFyAlZ"><div opacity="1" data-blade-component="base-box" class="BaseBox-bmPWx gRxylf"><div class="StyledBaseText-dVBfTO gEaGjA" data-blade-component="base-text">Save</div></div></button></div></div></div></div></div></div></div>"`;

exports[`<Card /> should render a Card with Header & Footer 2`] = `
<div
  id="root"
>
  <div
    class="BaseBox-bmPWx CardRootweb__StyledCardRoot-sc-1nb70ck-0 eHiLrj HaNCY"
    data-blade-component="card"
  >
    <div
      class="BaseBox-bmPWx CardSurfaceweb__CardSurface-sc-1pgxikk-0 gUqrUG fXiyxY"
      data-blade-component="base-box"
      elevation="lowRaised"
    >
      <div
        class="BaseBox-bmPWx bUrVm"
        data-blade-component="card-header"
      >
        <div
          class="BaseBox-bmPWx jfuTEW"
          data-blade-component="base-box"
        >
          <div
            class="BaseBox-bmPWx gfHtly"
            data-blade-component="base-box"
          >
            <div
              class="BaseBox-bmPWx elboBh"
              data-blade-component="base-box"
            >
              <svg
                aria-hidden="true"
                class="Svgweb__StyledSvg-vcmjs8-0 dhIfXO"
                data-blade-component="icon"
                fill="none"
                height="24px"
                viewBox="0 0 24 24"
                width="24px"
              >
                <path
                  d="M12 11C12.5523 11 13 11.4477 13 12V16C13 16.5523 12.5523 17 12 17C11.4477 17 11 16.5523 11 16V12C11 11.4477 11.4477 11 12 11Z"
                  data-blade-component="svg-path"
                  fill="hsla(217, 56%, 17%, 1)"
                />
                <path
                  d="M12 7C11.4477 7 11 7.44772 11 8C11 8.55228 11.4477 9 12 9H12.01C12.5623 9 13.01 8.55228 13.01 8C13.01 7.44772 12.5623 7 12.01 7H12Z"
                  data-blade-component="svg-path"
                  fill="hsla(217, 56%, 17%, 1)"
                />
                <path
                  clip-rule="evenodd"
                  d="M1 12C1 5.92487 5.92487 1 12 1C18.0751 1 23 5.92487 23 12C23 18.0751 18.0751 23 12 23C5.92487 23 1 18.0751 1 12ZM12 3C7.02944 3 3 7.02944 3 12C3 16.9706 7.02944 21 12 21C16.9706 21 21 16.9706 21 12C21 7.02944 16.9706 3 12 3Z"
                  data-blade-component="svg-path"
                  fill="hsla(217, 56%, 17%, 1)"
                  fill-rule="evenodd"
                />
              </svg>
            </div>
            <div
              class="BaseBox-bmPWx diSXWw"
              data-blade-component="base-box"
            >
              <div
                class="BaseBox-bmPWx dHddi"
                data-blade-component="base-box"
              >
                <h6
                  class="StyledBaseText-dVBfTO hYiPbA"
                  data-blade-component="heading"
                >
                  Card Header
                </h6>
                <div
                  class="BaseBox-bmPWx gdPaGc"
                  data-blade-component="base-box"
                >
                  <div
                    class="BaseBox-bmPWx gqpWEB"
                    data-blade-component="counter"
                  >
                    <div
                      class="BaseBox-bmPWx StyledCounterweb__StyledCounter-sc-1itt9w6-0 cfmnlm jDxWaJ"
                      data-blade-component="base-box"
                    >
                      <div
                        class="BaseBox-bmPWx bvGbXd"
                        data-blade-component="base-box"
                      >
                        <p
                          class="StyledBaseText-dVBfTO jgInrd"
                          data-blade-component="text"
                        >
                          12
                        </p>
                      </div>
                    </div>
                  </div>
                </div>
              </div>
              <p
                class="StyledBaseText-dVBfTO hwHfuS"
                data-blade-component="text"
              >
                Card subtitle
              </p>
            </div>
          </div>
          <div
            class="BaseBox-bmPWx ijqnj"
            data-blade-component="base-box"
          >
            <div
              class="BaseBox-bmPWx gqpWEB"
              data-blade-component="badge"
            >
              <div
                class="BaseBox-bmPWx StyledBadgeweb__StyledBadge-sc-1svn4tv-0 kYYYHR cGzedU"
                data-blade-component="base-box"
              >
                <div
                  class="BaseBox-bmPWx bvGbXd"
                  data-blade-component="base-box"
                >
                  <p
                    class="StyledBaseText-dVBfTO ghUfJK"
                    data-blade-component="text"
                  >
                    NEW
                  </p>
                </div>
              </div>
            </div>
          </div>
        </div>
        <div
          class="BaseBox-bmPWx Divider__StyledDivider-sc-8k3avj-0 gSXrEz hSwZSx"
          data-blade-component="divider"
          role="separator"
        />
      </div>
      <div
        class="BaseBox-bmPWx iutvIJ"
        data-blade-component="card-body"
      >
        <p
          class="StyledBaseText-dVBfTO kGtJcI"
          data-blade-component="text"
        >
          Plain Card
        </p>
      </div>
      <div
        class="BaseBox-bmPWx mMnjj"
        data-blade-component="card-footer"
      >
        <div
          class="BaseBox-bmPWx icsKNG"
          data-blade-component="base-box"
        />
        <div
          class="BaseBox-bmPWx Divider__StyledDivider-sc-8k3avj-0 gSXrEz hSwZSx"
          data-blade-component="divider"
          role="separator"
        />
        <div
          class="BaseBox-bmPWx hQeIFe"
          data-blade-component="base-box"
        >
          <div
            class="BaseBox-bmPWx cjYzGm"
            data-blade-component="base-box"
          >
            <p
              class="StyledBaseText-dVBfTO hRBMUb"
              data-blade-component="text"
            >
              Card Footer
            </p>
            <p
              class="StyledBaseText-dVBfTO hjHalV"
              data-blade-component="text"
            >
              Card footer subtitle
            </p>
          </div>
          <div
            class="BaseBox-bmPWx GfzUQ"
            data-blade-component="base-box"
          >
            <div
              class="BaseBox-bmPWx hrdrUu"
              data-blade-component="base-box"
            >
              <button
                class="StyledBaseButtonweb__StyledBaseButton-sc-26bt38-0 iKCvIj"
                data-blade-component="button"
                role="button"
                type="button"
              >
                <div
                  class="BaseBox-bmPWx gRxylf"
                  data-blade-component="base-box"
                  opacity="1"
                >
                  <div
                    class="StyledBaseText-dVBfTO kKJmGb"
                    data-blade-component="base-text"
                  >
                    Delete
                  </div>
                </div>
              </button>
            </div>
            <div
              class="BaseBox-bmPWx cZcnnP"
              data-blade-component="base-box"
            />
            <div
              class="BaseBox-bmPWx hrdrUu"
              data-blade-component="base-box"
            >
              <button
                class="StyledBaseButtonweb__StyledBaseButton-sc-26bt38-0 bFyAlZ"
                data-blade-component="button"
                role="button"
                type="button"
              >
                <div
                  class="BaseBox-bmPWx gRxylf"
                  data-blade-component="base-box"
                  opacity="1"
                >
                  <div
                    class="StyledBaseText-dVBfTO gEaGjA"
                    data-blade-component="base-text"
                  >
                    Save
                  </div>
                </div>
              </button>
            </div>
          </div>
        </div>
      </div>
    </div>
  </div>
</div>
`;

exports[`<Card /> should render a Interactive Card with href 1`] = `"<div id="root"><div href="https://google.com" data-blade-component="card" class="BaseBox-bmPWx CardRootweb__StyledCardRoot-sc-1nb70ck-0 eHiLrj HaNCY"><div elevation="lowRaised" data-blade-component="base-box" class="BaseBox-bmPWx CardSurfaceweb__CardSurface-sc-1pgxikk-0 gUqrUG fXiyxY"><a href="https://google.com" data-blade-component="card-link-overlay" aria-pressed="false" class="LinkOverlayweb__LinkOverlay-ugib1o-0 ceIUru"></a><div data-blade-component="card-body" class="BaseBox-bmPWx iutvIJ"><p class="StyledBaseText-dVBfTO kGtJcI" data-blade-component="text">Plain Card</p></div></div></div></div>"`;

exports[`<Card /> should render a Interactive Card with href 2`] = `
<div
  id="root"
>
  <div
    class="BaseBox-bmPWx CardRootweb__StyledCardRoot-sc-1nb70ck-0 eHiLrj HaNCY"
    data-blade-component="card"
    href="https://google.com"
  >
    <div
      class="BaseBox-bmPWx CardSurfaceweb__CardSurface-sc-1pgxikk-0 gUqrUG fXiyxY"
      data-blade-component="base-box"
      elevation="lowRaised"
    >
      <a
        aria-pressed="false"
        class="LinkOverlayweb__LinkOverlay-ugib1o-0 ceIUru"
        data-blade-component="card-link-overlay"
        href="https://google.com"
      />
      <div
        class="BaseBox-bmPWx iutvIJ"
        data-blade-component="card-body"
      >
        <p
          class="StyledBaseText-dVBfTO kGtJcI"
          data-blade-component="text"
        >
          Plain Card
        </p>
      </div>
    </div>
  </div>
</div>
`;

exports[`<Card /> should render a Interactive Card with onClick 1`] = `"<div id="root"><div data-blade-component="card" class="BaseBox-bmPWx CardRootweb__StyledCardRoot-sc-1nb70ck-0 eHiLrj HaNCY"><div elevation="lowRaised" data-blade-component="base-box" class="BaseBox-bmPWx CardSurfaceweb__CardSurface-sc-1pgxikk-0 gUqrUG fXiyxY"><button data-blade-component="card-link-overlay" aria-pressed="false" class="LinkOverlayweb__LinkOverlay-ugib1o-0 ceIUru"></button><div data-blade-component="card-body" class="BaseBox-bmPWx iutvIJ"><p class="StyledBaseText-dVBfTO kGtJcI" data-blade-component="text">Plain Card</p></div></div></div></div>"`;

exports[`<Card /> should render a Interactive Card with onClick 2`] = `
<div
  id="root"
>
  <div
    class="BaseBox-bmPWx CardRootweb__StyledCardRoot-sc-1nb70ck-0 eHiLrj HaNCY"
    data-blade-component="card"
  >
    <div
      class="BaseBox-bmPWx CardSurfaceweb__CardSurface-sc-1pgxikk-0 gUqrUG fXiyxY"
      data-blade-component="base-box"
      elevation="lowRaised"
    >
      <button
        aria-pressed="false"
        class="LinkOverlayweb__LinkOverlay-ugib1o-0 ceIUru"
        data-blade-component="card-link-overlay"
      />
      <div
        class="BaseBox-bmPWx iutvIJ"
        data-blade-component="card-body"
      >
        <p
          class="StyledBaseText-dVBfTO kGtJcI"
          data-blade-component="text"
        >
          Plain Card
        </p>
      </div>
    </div>
  </div>
</div>
`;
