// Jest Snapshot v1, https://goo.gl/fbAQLP

exports[`<ProgressBar /> should render ProgressBar with default properties 1`] = `"<div id="root"><div data-blade-component="progress-bar" class="BaseBox-bmPWx iutvIJ"><div data-blade-component="base-box" class="BaseBox-bmPWx dRaVUe"><div data-blade-component="base-box" class="BaseBox-bmPWx euuYYv"><div data-blade-component="base-box" class="BaseBox-bmPWx cWPgGA"><p class="StyledBaseText-dVBfTO kKeTHc" data-blade-component="text">20%</p></div></div><div id="progress-undefined" role="progressbar" aria-valuenow="20" aria-valuetext="20%" aria-valuemin="0" aria-valuemax="100" data-blade-component="base-box" class="BaseBox-bmPWx iutvIJ"><div data-blade-component="base-box" class="BaseBox-bmPWx bJRirt"><div data-blade-component="base-box" class="BaseBox-bmPWx ProgressBarFilledweb__BoxWithProgressFillTransition-sc-15oi5xk-3 ProgressBarFilledweb__DeterminateFilledContainer-sc-15oi5xk-4 itsqTS kYqHzO dmYaJn"><div data-blade-component="base-box" class="BaseBox-bmPWx ProgressBarFilledweb__BoxWithProgressFillTransition-sc-15oi5xk-3 ProgressBarFilledweb__DeterminatePulseAnimation-sc-15oi5xk-5 iutvIJ bHgVSx cAiRSt"></div></div></div></div></div></div></div>"`;

exports[`<ProgressBar /> should render ProgressBar with default properties 2`] = `
<div
  id="root"
>
  <div
    class="BaseBox-bmPWx iutvIJ"
    data-blade-component="progress-bar"
  >
    <div
      class="BaseBox-bmPWx dRaVUe"
      data-blade-component="base-box"
    >
      <div
        class="BaseBox-bmPWx euuYYv"
        data-blade-component="base-box"
      >
        <div
          class="BaseBox-bmPWx cWPgGA"
          data-blade-component="base-box"
        >
          <p
            class="StyledBaseText-dVBfTO kKeTHc"
            data-blade-component="text"
          >
            20%
          </p>
        </div>
      </div>
      <div
        aria-valuemax="100"
        aria-valuemin="0"
        aria-valuenow="20"
        aria-valuetext="20%"
        class="BaseBox-bmPWx iutvIJ"
        data-blade-component="base-box"
        id="progress-1"
        role="progressbar"
      >
        <div
          class="BaseBox-bmPWx bJRirt"
          data-blade-component="base-box"
        >
          <div
            class="BaseBox-bmPWx ProgressBarFilledweb__BoxWithProgressFillTransition-sc-15oi5xk-3 ProgressBarFilledweb__DeterminateFilledContainer-sc-15oi5xk-4 itsqTS kYqHzO dmYaJn"
            data-blade-component="base-box"
          >
            <div
              class="BaseBox-bmPWx ProgressBarFilledweb__BoxWithProgressFillTransition-sc-15oi5xk-3 ProgressBarFilledweb__DeterminatePulseAnimation-sc-15oi5xk-5 iutvIJ bHgVSx cAiRSt"
              data-blade-component="base-box"
            />
          </div>
        </div>
      </div>
    </div>
  </div>
</div>
`;
