// Jest Snapshot v1, https://goo.gl/fbAQLP

exports[`<RadioGroup /> should render with help text 1`] = `"<div id="root"><div data-blade-component="base-box" class="BaseBox-bmPWx iutvIJ"><div role="radiogroup" aria-labelledby="radio-group-undefined-label" data-blade-component="radio-group" class="BaseBox-bmPWx fJMlQh"><span style="width:auto;flex-shrink:0;margin-right:16px" id="radio-group-undefined-label" data-blade-component="form-label"><div data-blade-component="base-box" class="BaseBox-bmPWx cWPgGA"><div data-blade-component="base-box" class="BaseBox-bmPWx cEagQj"><p class="StyledBaseText-dVBfTO caEKek" data-blade-component="text">Select fruit</p><div data-blade-component="visually-hidden" class="VisuallyHiddenweb__StyledVisuallyHidden-g3hls3-0 ctjjOt"><p class="StyledBaseText-dVBfTO kGtJcI" data-blade-component="text">,Select one</p></div></div></div></span><div data-blade-component="base-box" class="BaseBox-bmPWx iutvIJ"><div data-blade-component="base-box" class="BaseBox-bmPWx fJMlQh"><div data-blade-component="base-box" class="BaseBox-bmPWx cWPgGA"><div data-blade-component="base-box" class="BaseBox-bmPWx iutvIJ"><label data-blade-component="radio-label" class="SelectorLabelweb__StyledSelectorLabel-sc-1yoi09a-0 jaNjoE"><div data-blade-component="base-box" class="BaseBox-bmPWx fJMlQh"><div data-blade-component="base-box" class="BaseBox-bmPWx bgHiDR"><input type="radio" name="radio-group-undefined" role="radio" aria-required="false" aria-invalid="false" aria-disabled="false" aria-checked="false" aria-describedby="radio-undefined-helptext-undefined" class="SelectorInputweb__StyledInput-sc-1bnkrae-0 kRBGPL" value="apple"/><div data-blade-component="radio-icon-wrapper" class="RadioIconWrapperweb__RadioIconWrapper-sc-1memw5n-0 lhrtIp"></div><div data-blade-component="base-box" class="BaseBox-bmPWx ihVTMg"></div><div class="StyledBaseText-dVBfTO fClwHQ" data-blade-component="base-text">Apple</div></div></div></label></div></div><div data-blade-component="base-box" class="BaseBox-bmPWx cWPgGA"><div data-blade-component="base-box" class="BaseBox-bmPWx iutvIJ"><label data-blade-component="radio-label" class="SelectorLabelweb__StyledSelectorLabel-sc-1yoi09a-0 jaNjoE"><div data-blade-component="base-box" class="BaseBox-bmPWx fJMlQh"><div data-blade-component="base-box" class="BaseBox-bmPWx bgHiDR"><input type="radio" name="radio-group-undefined" role="radio" aria-required="false" aria-invalid="false" aria-disabled="false" aria-checked="false" aria-describedby="radio-undefined-helptext-undefined" class="SelectorInputweb__StyledInput-sc-1bnkrae-0 kRBGPL" value="mango"/><div data-blade-component="radio-icon-wrapper" class="RadioIconWrapperweb__RadioIconWrapper-sc-1memw5n-0 lhrtIp"></div><div data-blade-component="base-box" class="BaseBox-bmPWx ihVTMg"></div><div class="StyledBaseText-dVBfTO fClwHQ" data-blade-component="base-text">Mango</div></div></div></label></div></div><div data-blade-component="base-box" class="BaseBox-bmPWx fkCHLQ"><div data-blade-component="base-box" class="BaseBox-bmPWx iutvIJ"><label data-blade-component="radio-label" class="SelectorLabelweb__StyledSelectorLabel-sc-1yoi09a-0 jaNjoE"><div data-blade-component="base-box" class="BaseBox-bmPWx fJMlQh"><div data-blade-component="base-box" class="BaseBox-bmPWx bgHiDR"><input type="radio" name="radio-group-undefined" role="radio" aria-required="false" aria-invalid="false" aria-disabled="false" aria-checked="false" aria-describedby="radio-undefined-helptext-undefined" class="SelectorInputweb__StyledInput-sc-1bnkrae-0 kRBGPL" value="orange"/><div data-blade-component="radio-icon-wrapper" class="RadioIconWrapperweb__RadioIconWrapper-sc-1memw5n-0 lhrtIp"></div><div data-blade-component="base-box" class="BaseBox-bmPWx ihVTMg"></div><div class="StyledBaseText-dVBfTO fClwHQ" data-blade-component="base-text">Orange</div></div></div></label></div></div></div><div data-blade-component="base-box" class="BaseBox-bmPWx jLQgVY"><span style="word-break:break-all" data-blade-component="base-box" class="BaseBox-bmPWx bgHiDR"><span class="StyledBaseText-dVBfTO hIiBgb" data-blade-component="base-text">Select one</span></span></div></div></div></div></div>"`;

exports[`<RadioGroup /> should render with help text 2`] = `
<div
  id="root"
>
  <div
    class="BaseBox-bmPWx iutvIJ"
    data-blade-component="base-box"
  >
    <div
      aria-labelledby="radio-group-7-label"
      class="BaseBox-bmPWx fJMlQh"
      data-blade-component="radio-group"
      role="radiogroup"
    >
      <span
        data-blade-component="form-label"
        id="radio-group-7-label"
        style="width:auto;flex-shrink:0;margin-right:16px"
      >
        <div
          class="BaseBox-bmPWx cWPgGA"
          data-blade-component="base-box"
        >
          <div
            class="BaseBox-bmPWx cEagQj"
            data-blade-component="base-box"
          >
            <p
              class="StyledBaseText-dVBfTO caEKek"
              data-blade-component="text"
            >
              Select fruit
            </p>
            <div
              class="VisuallyHiddenweb__StyledVisuallyHidden-g3hls3-0 ctjjOt"
              data-blade-component="visually-hidden"
            >
              <p
                class="StyledBaseText-dVBfTO kGtJcI"
                data-blade-component="text"
              >
                ,Select one
              </p>
            </div>
          </div>
        </div>
      </span>
      <div
        class="BaseBox-bmPWx iutvIJ"
        data-blade-component="base-box"
      >
        <div
          class="BaseBox-bmPWx fJMlQh"
          data-blade-component="base-box"
        >
          <div
            class="BaseBox-bmPWx cWPgGA"
            data-blade-component="base-box"
          >
            <div
              class="BaseBox-bmPWx iutvIJ"
              data-blade-component="base-box"
            >
              <label
                class="SelectorLabelweb__StyledSelectorLabel-sc-1yoi09a-0 jaNjoE"
                data-blade-component="radio-label"
              >
                <div
                  class="BaseBox-bmPWx fJMlQh"
                  data-blade-component="base-box"
                >
                  <div
                    class="BaseBox-bmPWx bgHiDR"
                    data-blade-component="base-box"
                  >
                    <input
                      aria-checked="false"
                      aria-describedby="radio-1-helptext-2"
                      aria-disabled="false"
                      aria-invalid="false"
                      aria-required="false"
                      class="SelectorInputweb__StyledInput-sc-1bnkrae-0 kRBGPL"
                      name="radio-group-7"
                      role="radio"
                      type="radio"
                      value="apple"
                    />
                    <div
                      class="RadioIconWrapperweb__RadioIconWrapper-sc-1memw5n-0 lhrtIp"
                      data-blade-component="radio-icon-wrapper"
                    />
                    <div
                      class="BaseBox-bmPWx ihVTMg"
                      data-blade-component="base-box"
                    />
                    <div
                      class="StyledBaseText-dVBfTO fClwHQ"
                      data-blade-component="base-text"
                    >
                      Apple
                    </div>
                  </div>
                </div>
              </label>
            </div>
          </div>
          <div
            class="BaseBox-bmPWx cWPgGA"
            data-blade-component="base-box"
          >
            <div
              class="BaseBox-bmPWx iutvIJ"
              data-blade-component="base-box"
            >
              <label
                class="SelectorLabelweb__StyledSelectorLabel-sc-1yoi09a-0 jaNjoE"
                data-blade-component="radio-label"
              >
                <div
                  class="BaseBox-bmPWx fJMlQh"
                  data-blade-component="base-box"
                >
                  <div
                    class="BaseBox-bmPWx bgHiDR"
                    data-blade-component="base-box"
                  >
                    <input
                      aria-checked="false"
                      aria-describedby="radio-3-helptext-4"
                      aria-disabled="false"
                      aria-invalid="false"
                      aria-required="false"
                      class="SelectorInputweb__StyledInput-sc-1bnkrae-0 kRBGPL"
                      name="radio-group-7"
                      role="radio"
                      type="radio"
                      value="mango"
                    />
                    <div
                      class="RadioIconWrapperweb__RadioIconWrapper-sc-1memw5n-0 lhrtIp"
                      data-blade-component="radio-icon-wrapper"
                    />
                    <div
                      class="BaseBox-bmPWx ihVTMg"
                      data-blade-component="base-box"
                    />
                    <div
                      class="StyledBaseText-dVBfTO fClwHQ"
                      data-blade-component="base-text"
                    >
                      Mango
                    </div>
                  </div>
                </div>
              </label>
            </div>
          </div>
          <div
            class="BaseBox-bmPWx fkCHLQ"
            data-blade-component="base-box"
          >
            <div
              class="BaseBox-bmPWx iutvIJ"
              data-blade-component="base-box"
            >
              <label
                class="SelectorLabelweb__StyledSelectorLabel-sc-1yoi09a-0 jaNjoE"
                data-blade-component="radio-label"
              >
                <div
                  class="BaseBox-bmPWx fJMlQh"
                  data-blade-component="base-box"
                >
                  <div
                    class="BaseBox-bmPWx bgHiDR"
                    data-blade-component="base-box"
                  >
                    <input
                      aria-checked="false"
                      aria-describedby="radio-5-helptext-6"
                      aria-disabled="false"
                      aria-invalid="false"
                      aria-required="false"
                      class="SelectorInputweb__StyledInput-sc-1bnkrae-0 kRBGPL"
                      name="radio-group-7"
                      role="radio"
                      type="radio"
                      value="orange"
                    />
                    <div
                      class="RadioIconWrapperweb__RadioIconWrapper-sc-1memw5n-0 lhrtIp"
                      data-blade-component="radio-icon-wrapper"
                    />
                    <div
                      class="BaseBox-bmPWx ihVTMg"
                      data-blade-component="base-box"
                    />
                    <div
                      class="StyledBaseText-dVBfTO fClwHQ"
                      data-blade-component="base-text"
                    >
                      Orange
                    </div>
                  </div>
                </div>
              </label>
            </div>
          </div>
        </div>
        <div
          class="BaseBox-bmPWx jLQgVY"
          data-blade-component="base-box"
        >
          <span
            class="BaseBox-bmPWx bgHiDR"
            data-blade-component="base-box"
            style="word-break:break-all"
          >
            <span
              class="StyledBaseText-dVBfTO hIiBgb"
              data-blade-component="base-text"
            >
              Select one
            </span>
          </span>
        </div>
      </div>
    </div>
  </div>
</div>
`;
