// Jest Snapshot v1, https://goo.gl/fbAQLP

exports[`<Dropdown /> with <AutoComplete /> should render dropdown and make it visible on click 1`] = `"<div id="root"><div data-blade-component="dropdown" class="BaseBox-bmPWx iutvIJ"><div data-blade-component="base-box" class="BaseBox-bmPWx bwWUtu"><div data-blade-component="base-box" class="BaseBox-bmPWx eDdvdR"><div data-blade-component="autocomplete" class="BaseBox-bmPWx iutvIJ"><div data-blade-component="base-box" class="BaseBox-bmPWx jjVhDm"><div data-blade-component="base-box" class="BaseBox-bmPWx iMRrjR"><label for="dropdown-undefined-trigger-undefined-input-undefined" style="width:auto;flex-shrink:0;margin-right:16px" id="dropdown-undefined-label" data-blade-component="form-label"><div data-blade-component="base-box" class="BaseBox-bmPWx cWPgGA"><div data-blade-component="base-box" class="BaseBox-bmPWx cEagQj"><p class="StyledBaseText-dVBfTO caEKek" data-blade-component="text">Fruits</p><div data-blade-component="visually-hidden" class="VisuallyHiddenweb__StyledVisuallyHidden-g3hls3-0 ijVANw"><p class="StyledBaseText-dVBfTO kGtJcI" data-blade-component="text"></p></div></div></div></label></div><div data-blade-component="base-box" class="BaseBox-bmPWx AnimatedBaseInputWrapperweb__StyledBaseInputWrapper-e1vobd-0 AnimatedBaseInputWrapperweb__StyledAnimatedBaseInputWrapper-e1vobd-1 iutvIJ jwLTJf dkzCDo"><div class="BaseBox-bmPWx jnrKqt tags-slot" data-blade-component="base-box"><div data-blade-component="base-box" class="BaseBox-bmPWx QsEEZ"><input type="text" autoComplete="off" id="dropdown-undefined-trigger-undefined-input-undefined" placeholder="Select Option" data-blade-component="styled-base-input" aria-required="false" aria-disabled="false" aria-invalid="false" aria-describedby="" aria-haspopup="listbox" aria-expanded="false" aria-controls="dropdown-undefined-actionlist" role="combobox" class="StyledBaseInputweb__StyledBaseNativeInput-hsusrk-0 ssKKf" value=""/></div></div><div data-blade-component="base-box" class="BaseBox-bmPWx eihNDL"><div data-blade-component="base-box" class="BaseBox-bmPWx gAFYoJ"><div data-blade-component="base-box" class="BaseBox-bmPWx jKmdRL"><svg aria-hidden="true" data-blade-component="icon" height="16px" viewBox="0 0 24 24" width="16px" fill="none" class="Svgweb__StyledSvg-vcmjs8-0 gOuJDm"><path d="M5.29289 8.29289C5.68342 7.90237 6.31658 7.90237 6.70711 8.29289L12 13.5858L17.2929 8.29289C17.6834 7.90237 18.3166 7.90237 18.7071 8.29289C19.0976 8.68342 19.0976 9.31658 18.7071 9.70711L12.7071 15.7071C12.3166 16.0976 11.6834 16.0976 11.2929 15.7071L5.29289 9.70711C4.90237 9.31658 4.90237 8.68342 5.29289 8.29289Z" clip-rule="evenodd" fill="hsla(217, 56%, 17%, 1)" fill-rule="evenodd" data-blade-component="svg-path"></path></svg><svg aria-hidden="true" data-blade-component="icon" height="16px" viewBox="0 0 24 24" width="16px" fill="none" class="Svgweb__StyledSvg-vcmjs8-0 cllTKD"><path d="M11.2929 8.29289C11.6834 7.90237 12.3166 7.90237 12.7071 8.29289L18.7071 14.2929C19.0976 14.6834 19.0976 15.3166 18.7071 15.7071C18.3166 16.0976 17.6834 16.0976 17.2929 15.7071L12 10.4142L6.70711 15.7071C6.31658 16.0976 5.68342 16.0976 5.29289 15.7071C4.90237 15.3166 4.90237 14.6834 5.29289 14.2929L11.2929 8.29289Z" clip-rule="evenodd" fill="hsla(217, 56%, 17%, 1)" fill-rule="evenodd" data-blade-component="svg-path"></path></svg></div></div></div><div data-blade-component="base-box" class="BaseBox-bmPWx BaseInputAnimatedBorderweb__BaseInputStyledAnimatedBorder-sc-2cepod-0 iutvIJ dCWMmg"></div></div></div><div data-blade-component="base-box" class="BaseBox-bmPWx hVlzDw"><div data-blade-component="base-box" class="BaseBox-bmPWx euuYYv"></div></div></div></div><div style="position:fixed;left:0;top:0" data-blade-component="base-box" class="BaseBox-bmPWx hFhWvD"><div elevation="midRaised" style="transform:translateY(-8px);opacity:0" data-blade-component="dropdown-overlay" class="BaseBox-bmPWx StyledDropdownOverlay-sc-1dik5mo-0 hBipEO hsiFVr"><div data-blade-component="base-box" class="BaseBox-bmPWx MZNjr"><div data-blade-component="dropdown-header" class="BaseBox-bmPWx iutvIJ"><div data-blade-component="base-box" class="BaseBox-bmPWx kQNDHe"><div data-blade-component="base-box" class="BaseBox-bmPWx icLHYe"><div data-blade-component="base-box" class="BaseBox-bmPWx dJWtjK"><div data-blade-component="base-box" class="BaseBox-bmPWx hEapmI"><div data-blade-component="base-box" class="BaseBox-bmPWx NgGbz"><h6 class="StyledBaseText-dVBfTO hYiPbA" data-blade-component="heading">Recent Searches</h6></div></div></div></div></div><div data-blade-component="divider" role="separator" class="BaseBox-bmPWx Divider__StyledDivider-sc-8k3avj-0 gSXrEz hSwZSx"></div></div></div><div data-blade-component="box" class="BaseBox-bmPWx bbZCCC"><svg aria-hidden="true" data-blade-component="icon" height="24px" viewBox="0 0 24 24" width="24px" fill="none" class="Svgweb__StyledSvg-vcmjs8-0 dhIfXO"><path d="M16.618 18.032a9 9 0 1 1 1.414-1.414l3.675 3.675a1 1 0 0 1-1.414 1.414l-3.675-3.675ZM4 11a7 7 0 1 1 12.041 4.857 1.009 1.009 0 0 0-.185.184A7 7 0 0 1 4 11Z" clip-rule="evenodd" fill="hsla(217, 56%, 17%, 1)" fill-rule="evenodd" data-blade-component="svg-path"></path></svg><p class="StyledBaseText-dVBfTO hvJTXR" data-blade-component="text">No Search Result Found</p><p class="StyledBaseText-dVBfTO hxmDDY" data-blade-component="text">Try searching for a different value</p></div><div role="group" data-blade-component="base-box" class="BaseBox-bmPWx iutvIJ"><div data-blade-component="divider" role="separator" class="BaseBox-bmPWx Divider__StyledDivider-sc-8k3avj-0 gSXrEz hSwZSx"></div><div data-blade-component="dropdown-footer" class="BaseBox-bmPWx fFACSG"></div></div></div></div></div></div></div>"`;

exports[`<Dropdown /> with <AutoComplete /> should render dropdown and make it visible on click 2`] = `
<div
  id="root"
>
  <div
    class="BaseBox-bmPWx iutvIJ"
    data-blade-component="dropdown"
  >
    <div
      class="BaseBox-bmPWx bwWUtu"
      data-blade-component="base-box"
    >
      <div
        class="BaseBox-bmPWx eDdvdR"
        data-blade-component="base-box"
      >
        <div
          class="BaseBox-bmPWx iutvIJ"
          data-blade-component="autocomplete"
        >
          <div
            class="BaseBox-bmPWx jjVhDm"
            data-blade-component="base-box"
          >
            <div
              class="BaseBox-bmPWx iMRrjR"
              data-blade-component="base-box"
            >
              <label
                data-blade-component="form-label"
                for="dropdown-7-trigger-1-input-2"
                id="dropdown-7-label"
                style="width:auto;flex-shrink:0;margin-right:16px"
              >
                <div
                  class="BaseBox-bmPWx cWPgGA"
                  data-blade-component="base-box"
                >
                  <div
                    class="BaseBox-bmPWx cEagQj"
                    data-blade-component="base-box"
                  >
                    <p
                      class="StyledBaseText-dVBfTO caEKek"
                      data-blade-component="text"
                    >
                      Fruits
                    </p>
                    <div
                      class="VisuallyHiddenweb__StyledVisuallyHidden-g3hls3-0 ijVANw"
                      data-blade-component="visually-hidden"
                    >
                      <p
                        class="StyledBaseText-dVBfTO kGtJcI"
                        data-blade-component="text"
                      />
                    </div>
                  </div>
                </div>
              </label>
            </div>
            <div
              class="BaseBox-bmPWx AnimatedBaseInputWrapperweb__StyledBaseInputWrapper-e1vobd-0 AnimatedBaseInputWrapperweb__StyledAnimatedBaseInputWrapper-e1vobd-1 iutvIJ jwLTJf dkzCDo"
              data-blade-component="base-box"
            >
              <div
                class="BaseBox-bmPWx cGFJLc tags-slot"
                data-blade-component="base-box"
              >
                <div
                  class="BaseBox-bmPWx QsEEZ"
                  data-blade-component="base-box"
                >
                  <input
                    aria-activedescendant="dropdown-7-0"
                    aria-controls="dropdown-7-actionlist"
                    aria-describedby=""
                    aria-disabled="false"
                    aria-expanded="true"
                    aria-haspopup="dialog"
                    aria-invalid="false"
                    aria-required="false"
                    autocomplete="off"
                    class="StyledBaseInputweb__StyledBaseNativeInput-hsusrk-0 ssKKf"
                    data-blade-component="styled-base-input"
                    id="dropdown-7-trigger-1-input-2"
                    placeholder="Select Option"
                    role="combobox"
                    type="text"
                    value=""
                  />
                </div>
              </div>
              <div
                class="BaseBox-bmPWx eihNDL"
                data-blade-component="base-box"
              >
                <div
                  class="BaseBox-bmPWx gAFYoJ"
                  data-blade-component="base-box"
                >
                  <div
                    class="BaseBox-bmPWx jKmdRL"
                    data-blade-component="base-box"
                  >
                    <svg
                      aria-hidden="true"
                      class="Svgweb__StyledSvg-vcmjs8-0 cllTKD"
                      data-blade-component="icon"
                      fill="none"
                      height="16px"
                      viewBox="0 0 24 24"
                      width="16px"
                    >
                      <path
                        clip-rule="evenodd"
                        d="M5.29289 8.29289C5.68342 7.90237 6.31658 7.90237 6.70711 8.29289L12 13.5858L17.2929 8.29289C17.6834 7.90237 18.3166 7.90237 18.7071 8.29289C19.0976 8.68342 19.0976 9.31658 18.7071 9.70711L12.7071 15.7071C12.3166 16.0976 11.6834 16.0976 11.2929 15.7071L5.29289 9.70711C4.90237 9.31658 4.90237 8.68342 5.29289 8.29289Z"
                        data-blade-component="svg-path"
                        fill="hsla(217, 56%, 17%, 1)"
                        fill-rule="evenodd"
                      />
                    </svg>
                    <svg
                      aria-hidden="true"
                      class="Svgweb__StyledSvg-vcmjs8-0 gOuJDm"
                      data-blade-component="icon"
                      fill="none"
                      height="16px"
                      viewBox="0 0 24 24"
                      width="16px"
                    >
                      <path
                        clip-rule="evenodd"
                        d="M11.2929 8.29289C11.6834 7.90237 12.3166 7.90237 12.7071 8.29289L18.7071 14.2929C19.0976 14.6834 19.0976 15.3166 18.7071 15.7071C18.3166 16.0976 17.6834 16.0976 17.2929 15.7071L12 10.4142L6.70711 15.7071C6.31658 16.0976 5.68342 16.0976 5.29289 15.7071C4.90237 15.3166 4.90237 14.6834 5.29289 14.2929L11.2929 8.29289Z"
                        data-blade-component="svg-path"
                        fill="hsla(217, 56%, 17%, 1)"
                        fill-rule="evenodd"
                      />
                    </svg>
                  </div>
                </div>
              </div>
              <div
                class="BaseBox-bmPWx BaseInputAnimatedBorderweb__BaseInputStyledAnimatedBorder-sc-2cepod-0 iutvIJ dCWMmg"
                data-blade-component="base-box"
              />
            </div>
          </div>
          <div
            class="BaseBox-bmPWx hVlzDw"
            data-blade-component="base-box"
          >
            <div
              class="BaseBox-bmPWx euuYYv"
              data-blade-component="base-box"
            />
          </div>
        </div>
      </div>
      <div
        class="BaseBox-bmPWx fCTbLO"
        data-blade-component="base-box"
        style="position: fixed; left: 0px; top: 0px; transform: translate(0px, 8px); width: 0px;"
      >
        <div
          class="BaseBox-bmPWx StyledDropdownOverlay-sc-1dik5mo-0 hBipEO hsiFVr"
          data-blade-component="dropdown-overlay"
          elevation="midRaised"
          style="transition-property: transform,opacity; transition-duration: 200ms;"
        >
          <div
            class="BaseBox-bmPWx MZNjr"
            data-blade-component="base-box"
          >
            <div
              class="BaseBox-bmPWx iutvIJ"
              data-blade-component="dropdown-header"
            >
              <div
                class="BaseBox-bmPWx kQNDHe"
                data-blade-component="base-box"
              >
                <div
                  class="BaseBox-bmPWx icLHYe"
                  data-blade-component="base-box"
                >
                  <div
                    class="BaseBox-bmPWx dJWtjK"
                    data-blade-component="base-box"
                  >
                    <div
                      class="BaseBox-bmPWx hEapmI"
                      data-blade-component="base-box"
                    >
                      <div
                        class="BaseBox-bmPWx NgGbz"
                        data-blade-component="base-box"
                      >
                        <h6
                          class="StyledBaseText-dVBfTO hYiPbA"
                          data-blade-component="heading"
                        >
                          Recent Searches
                        </h6>
                      </div>
                    </div>
                  </div>
                </div>
              </div>
              <div
                class="BaseBox-bmPWx Divider__StyledDivider-sc-8k3avj-0 gSXrEz hSwZSx"
                data-blade-component="divider"
                role="separator"
              />
            </div>
          </div>
          <div
            aria-labelledby="dropdown-7-label"
            class="BaseBox-bmPWx iutvIJ"
            data-blade-component="action-list"
            id="dropdown-7-actionlist"
            role="dialog"
          >
            <div
              aria-multiselectable="false"
              class="BaseBox-bmPWx StyledListBoxWrapperweb__StyledListBoxWrapper-sc-1eo4pr6-0 iutvIJ kXGJnd"
              data-blade-component="base-box"
              role="listbox"
            >
              <button
                aria-selected="false"
                class="BaseBox-bmPWx StyledActionListItemweb__StyledActionListItem-sc-1okp9u4-0 iutvIJ goYBOf active-focus"
                data-blade-component="action-list-item"
                data-index="0"
                data-value="apple"
                id="dropdown-7-0"
                role="option"
                tabindex="-1"
                type="button"
              >
                <div
                  class="BaseBox-bmPWx btyVrE"
                  data-blade-component="base-box"
                >
                  <div
                    class="BaseBox-bmPWx hiSyul"
                    data-blade-component="base-box"
                  />
                  <div
                    class="BaseBox-bmPWx eJNHse"
                    data-blade-component="base-box"
                  >
                    <p
                      class="StyledBaseText-dVBfTO khZxBz"
                      data-blade-component="text"
                    >
                      Apple
                    </p>
                  </div>
                  <div
                    class="BaseBox-bmPWx ibsUgf"
                    data-blade-component="base-box"
                  />
                </div>
                <div
                  class="BaseBox-bmPWx iutvIJ"
                  data-blade-component="base-box"
                />
              </button>
              <button
                aria-selected="false"
                class="BaseBox-bmPWx StyledActionListItemweb__StyledActionListItem-sc-1okp9u4-0 iutvIJ goYBOf"
                data-blade-component="action-list-item"
                data-index="1"
                data-value="mango"
                id="dropdown-7-1"
                role="option"
                tabindex="-1"
                type="button"
              >
                <div
                  class="BaseBox-bmPWx btyVrE"
                  data-blade-component="base-box"
                >
                  <div
                    class="BaseBox-bmPWx hiSyul"
                    data-blade-component="base-box"
                  />
                  <div
                    class="BaseBox-bmPWx eJNHse"
                    data-blade-component="base-box"
                  >
                    <p
                      class="StyledBaseText-dVBfTO khZxBz"
                      data-blade-component="text"
                    >
                      Mango
                    </p>
                  </div>
                  <div
                    class="BaseBox-bmPWx ibsUgf"
                    data-blade-component="base-box"
                  />
                </div>
                <div
                  class="BaseBox-bmPWx iutvIJ"
                  data-blade-component="base-box"
                />
              </button>
            </div>
          </div>
          <div
            class="BaseBox-bmPWx iutvIJ"
            data-blade-component="base-box"
            role="group"
          >
            <div
              class="BaseBox-bmPWx Divider__StyledDivider-sc-8k3avj-0 gSXrEz hSwZSx"
              data-blade-component="divider"
              role="separator"
            />
            <div
              class="BaseBox-bmPWx fFACSG"
              data-blade-component="dropdown-footer"
            >
              <div
                class="BaseBox-bmPWx iutvIJ"
                data-blade-component="box"
              >
                <button
                  class="StyledBaseButtonweb__StyledBaseButton-sc-26bt38-0 icFaIF"
                  data-blade-component="button"
                  role="button"
                  type="button"
                >
                  <div
                    class="BaseBox-bmPWx gRxylf"
                    data-blade-component="base-box"
                    opacity="1"
                  >
                    <div
                      class="StyledBaseText-dVBfTO gEaGjA"
                      data-blade-component="base-text"
                    >
                      Apply
                    </div>
                  </div>
                </button>
              </div>
            </div>
          </div>
        </div>
      </div>
    </div>
  </div>
</div>
`;
