// Jest Snapshot v1, https://goo.gl/fbAQLP

exports[`<Accordion /> should render Accordion on server 1`] = `"<div id="root"><div data-blade-component="accordion" class="BaseBox-bmPWx iutvIJ"><div data-blade-component="base-box" class="BaseBox-bmPWx dxuGNc"><div data-blade-component="accordion-item" class="BaseBox-bmPWx iutvIJ"><div data-blade-component="collapsible" class="BaseBox-bmPWx iutvIJ"><div data-blade-component="base-box" class="BaseBox-bmPWx evuylY"><div role="heading" aria-level="3" data-blade-component="base-box" class="BaseBox-bmPWx da-dqiO"><button aria-expanded="false" aria-controls="collapsible-body-undefined" data-blade-component="accordion-button" class="StyledAccordionButtonweb__StyledAccordionButton-sc-1qxmqda-0 hVtPAG"><div data-blade-component="base-box" class="BaseBox-bmPWx clEEkF"><span class="StyledBaseText-dVBfTO hYiPbA" data-blade-component="heading">How can I setup Route?</span></div><div direction="bottom" aria-hidden="true" data-blade-component="base-box" class="BaseBox-bmPWx CollapsibleChevronIconweb__StyledCollapsibleChevronIcon-sc-1kwlg5h-0 iutvIJ kSvjVH"><svg aria-hidden="true" data-blade-component="icon" height="20px" viewBox="0 0 24 24" width="20px" fill="none" class="Svgweb__StyledSvg-vcmjs8-0 dhIfXO"><path d="M5.29289 8.29289C5.68342 7.90237 6.31658 7.90237 6.70711 8.29289L12 13.5858L17.2929 8.29289C17.6834 7.90237 18.3166 7.90237 18.7071 8.29289C19.0976 8.68342 19.0976 9.31658 18.7071 9.70711L12.7071 15.7071C12.3166 16.0976 11.6834 16.0976 11.2929 15.7071L5.29289 9.70711C4.90237 9.31658 4.90237 8.68342 5.29289 8.29289Z" clip-rule="evenodd" fill="currentColor" fill-rule="evenodd" data-blade-component="svg-path"></path></svg></div></button></div><div id="collapsible-body-undefined" role="region" aria-hidden="true" data-blade-component="collapsible-body" class="BaseBox-bmPWx iutvIJ"><div class="CollapsibleBodyContentweb__StyledCollapsibleBodyContent-sc-1oi3ngc-0 ffxHV"><div data-blade-component="box" class="BaseBox-bmPWx hKzEfK"><div data-blade-component="base-box" class="BaseBox-bmPWx jXcuxc"><p class="StyledBaseText-dVBfTO fClwHQ" data-blade-component="text">You can use Razorpay Route from the Dashboard or using APIs to transfer money to customers. You may also check our docs for detailed instructions.</p></div></div></div></div></div></div><div data-blade-component="divider" role="separator" class="BaseBox-bmPWx Divider__StyledDivider-sc-8k3avj-0 gSXrEz hSwZSx"></div></div><div data-blade-component="accordion-item" class="BaseBox-bmPWx iutvIJ"><div data-blade-component="collapsible" class="BaseBox-bmPWx iutvIJ"><div data-blade-component="base-box" class="BaseBox-bmPWx evuylY"><div role="heading" aria-level="3" data-blade-component="base-box" class="BaseBox-bmPWx da-dqiO"><button aria-expanded="false" aria-controls="collapsible-body-undefined" data-blade-component="accordion-button" class="StyledAccordionButtonweb__StyledAccordionButton-sc-1qxmqda-0 hVtPAG"><div data-blade-component="base-box" class="BaseBox-bmPWx clEEkF"><span class="StyledBaseText-dVBfTO hYiPbA" data-blade-component="heading">How can I setup QR Codes?</span></div><div direction="bottom" aria-hidden="true" data-blade-component="base-box" class="BaseBox-bmPWx CollapsibleChevronIconweb__StyledCollapsibleChevronIcon-sc-1kwlg5h-0 iutvIJ kSvjVH"><svg aria-hidden="true" data-blade-component="icon" height="20px" viewBox="0 0 24 24" width="20px" fill="none" class="Svgweb__StyledSvg-vcmjs8-0 dhIfXO"><path d="M5.29289 8.29289C5.68342 7.90237 6.31658 7.90237 6.70711 8.29289L12 13.5858L17.2929 8.29289C17.6834 7.90237 18.3166 7.90237 18.7071 8.29289C19.0976 8.68342 19.0976 9.31658 18.7071 9.70711L12.7071 15.7071C12.3166 16.0976 11.6834 16.0976 11.2929 15.7071L5.29289 9.70711C4.90237 9.31658 4.90237 8.68342 5.29289 8.29289Z" clip-rule="evenodd" fill="currentColor" fill-rule="evenodd" data-blade-component="svg-path"></path></svg></div></button></div><div id="collapsible-body-undefined" role="region" aria-hidden="true" data-blade-component="collapsible-body" class="BaseBox-bmPWx iutvIJ"><div class="CollapsibleBodyContentweb__StyledCollapsibleBodyContent-sc-1oi3ngc-0 ffxHV"><div data-blade-component="box" class="BaseBox-bmPWx hKzEfK"><div data-blade-component="base-box" class="BaseBox-bmPWx jXcuxc"><p class="StyledBaseText-dVBfTO fClwHQ" data-blade-component="text">Just use Razorpay. You may also check our docs for detailed instructions. Please use the search functionality to ask your queries.</p></div></div></div></div></div></div><div data-blade-component="divider" role="separator" class="BaseBox-bmPWx Divider__StyledDivider-sc-8k3avj-0 gSXrEz hSwZSx"></div></div><div data-blade-component="accordion-item" class="BaseBox-bmPWx iutvIJ"><div data-blade-component="collapsible" class="BaseBox-bmPWx iutvIJ"><div data-blade-component="base-box" class="BaseBox-bmPWx evuylY"><div role="heading" aria-level="3" data-blade-component="base-box" class="BaseBox-bmPWx da-dqiO"><button aria-expanded="false" aria-controls="collapsible-body-undefined" data-blade-component="accordion-button" class="StyledAccordionButtonweb__StyledAccordionButton-sc-1qxmqda-0 hVtPAG"><div data-blade-component="base-box" class="BaseBox-bmPWx clEEkF"><span class="StyledBaseText-dVBfTO hYiPbA" data-blade-component="heading">How can I setup Subscriptions?</span></div><div direction="bottom" aria-hidden="true" data-blade-component="base-box" class="BaseBox-bmPWx CollapsibleChevronIconweb__StyledCollapsibleChevronIcon-sc-1kwlg5h-0 iutvIJ kSvjVH"><svg aria-hidden="true" data-blade-component="icon" height="20px" viewBox="0 0 24 24" width="20px" fill="none" class="Svgweb__StyledSvg-vcmjs8-0 dhIfXO"><path d="M5.29289 8.29289C5.68342 7.90237 6.31658 7.90237 6.70711 8.29289L12 13.5858L17.2929 8.29289C17.6834 7.90237 18.3166 7.90237 18.7071 8.29289C19.0976 8.68342 19.0976 9.31658 18.7071 9.70711L12.7071 15.7071C12.3166 16.0976 11.6834 16.0976 11.2929 15.7071L5.29289 9.70711C4.90237 9.31658 4.90237 8.68342 5.29289 8.29289Z" clip-rule="evenodd" fill="currentColor" fill-rule="evenodd" data-blade-component="svg-path"></path></svg></div></button></div><div id="collapsible-body-undefined" role="region" aria-hidden="true" data-blade-component="collapsible-body" class="BaseBox-bmPWx iutvIJ"><div class="CollapsibleBodyContentweb__StyledCollapsibleBodyContent-sc-1oi3ngc-0 ffxHV"><div data-blade-component="box" class="BaseBox-bmPWx hKzEfK"><div data-blade-component="base-box" class="BaseBox-bmPWx jXcuxc"><p class="StyledBaseText-dVBfTO fClwHQ" data-blade-component="text">Just use Razorpay.</p></div></div></div></div></div></div><div data-blade-component="divider" role="separator" class="BaseBox-bmPWx Divider__StyledDivider-sc-8k3avj-0 gSXrEz hSwZSx"></div></div></div></div></div>"`;

exports[`<Accordion /> should render Accordion on server 2`] = `
<div
  id="root"
>
  <div
    class="BaseBox-bmPWx iutvIJ"
    data-blade-component="accordion"
  >
    <div
      class="BaseBox-bmPWx dxuGNc"
      data-blade-component="base-box"
    >
      <div
        class="BaseBox-bmPWx iutvIJ"
        data-blade-component="accordion-item"
      >
        <div
          class="BaseBox-bmPWx iutvIJ"
          data-blade-component="collapsible"
        >
          <div
            class="BaseBox-bmPWx evuylY"
            data-blade-component="base-box"
          >
            <div
              aria-level="3"
              class="BaseBox-bmPWx da-dqiO"
              data-blade-component="base-box"
              role="heading"
            >
              <button
                aria-controls="collapsible-body-1"
                aria-expanded="false"
                class="StyledAccordionButtonweb__StyledAccordionButton-sc-1qxmqda-0 hVtPAG"
                data-blade-component="accordion-button"
              >
                <div
                  class="BaseBox-bmPWx clEEkF"
                  data-blade-component="base-box"
                >
                  <span
                    class="StyledBaseText-dVBfTO hYiPbA"
                    data-blade-component="heading"
                  >
                    How can I setup Route?
                  </span>
                </div>
                <div
                  aria-hidden="true"
                  class="BaseBox-bmPWx CollapsibleChevronIconweb__StyledCollapsibleChevronIcon-sc-1kwlg5h-0 iutvIJ kSvjVH"
                  data-blade-component="base-box"
                  direction="bottom"
                >
                  <svg
                    aria-hidden="true"
                    class="Svgweb__StyledSvg-vcmjs8-0 dhIfXO"
                    data-blade-component="icon"
                    fill="none"
                    height="20px"
                    viewBox="0 0 24 24"
                    width="20px"
                  >
                    <path
                      clip-rule="evenodd"
                      d="M5.29289 8.29289C5.68342 7.90237 6.31658 7.90237 6.70711 8.29289L12 13.5858L17.2929 8.29289C17.6834 7.90237 18.3166 7.90237 18.7071 8.29289C19.0976 8.68342 19.0976 9.31658 18.7071 9.70711L12.7071 15.7071C12.3166 16.0976 11.6834 16.0976 11.2929 15.7071L5.29289 9.70711C4.90237 9.31658 4.90237 8.68342 5.29289 8.29289Z"
                      data-blade-component="svg-path"
                      fill="currentColor"
                      fill-rule="evenodd"
                    />
                  </svg>
                </div>
              </button>
            </div>
            <div
              aria-hidden="true"
              class="BaseBox-bmPWx iutvIJ"
              data-blade-component="collapsible-body"
              id="collapsible-body-1"
              role="region"
            >
              <div
                class="CollapsibleBodyContentweb__StyledCollapsibleBodyContent-sc-1oi3ngc-0 ffxHV"
              >
                <div
                  class="BaseBox-bmPWx hKzEfK"
                  data-blade-component="box"
                >
                  <div
                    class="BaseBox-bmPWx jXcuxc"
                    data-blade-component="base-box"
                  >
                    <p
                      class="StyledBaseText-dVBfTO fClwHQ"
                      data-blade-component="text"
                    >
                      You can use Razorpay Route from the Dashboard or using APIs to transfer money to customers. You may also check our docs for detailed instructions.
                    </p>
                  </div>
                </div>
              </div>
            </div>
          </div>
        </div>
        <div
          class="BaseBox-bmPWx Divider__StyledDivider-sc-8k3avj-0 gSXrEz hSwZSx"
          data-blade-component="divider"
          role="separator"
        />
      </div>
      <div
        class="BaseBox-bmPWx iutvIJ"
        data-blade-component="accordion-item"
      >
        <div
          class="BaseBox-bmPWx iutvIJ"
          data-blade-component="collapsible"
        >
          <div
            class="BaseBox-bmPWx evuylY"
            data-blade-component="base-box"
          >
            <div
              aria-level="3"
              class="BaseBox-bmPWx da-dqiO"
              data-blade-component="base-box"
              role="heading"
            >
              <button
                aria-controls="collapsible-body-2"
                aria-expanded="false"
                class="StyledAccordionButtonweb__StyledAccordionButton-sc-1qxmqda-0 hVtPAG"
                data-blade-component="accordion-button"
              >
                <div
                  class="BaseBox-bmPWx clEEkF"
                  data-blade-component="base-box"
                >
                  <span
                    class="StyledBaseText-dVBfTO hYiPbA"
                    data-blade-component="heading"
                  >
                    How can I setup QR Codes?
                  </span>
                </div>
                <div
                  aria-hidden="true"
                  class="BaseBox-bmPWx CollapsibleChevronIconweb__StyledCollapsibleChevronIcon-sc-1kwlg5h-0 iutvIJ kSvjVH"
                  data-blade-component="base-box"
                  direction="bottom"
                >
                  <svg
                    aria-hidden="true"
                    class="Svgweb__StyledSvg-vcmjs8-0 dhIfXO"
                    data-blade-component="icon"
                    fill="none"
                    height="20px"
                    viewBox="0 0 24 24"
                    width="20px"
                  >
                    <path
                      clip-rule="evenodd"
                      d="M5.29289 8.29289C5.68342 7.90237 6.31658 7.90237 6.70711 8.29289L12 13.5858L17.2929 8.29289C17.6834 7.90237 18.3166 7.90237 18.7071 8.29289C19.0976 8.68342 19.0976 9.31658 18.7071 9.70711L12.7071 15.7071C12.3166 16.0976 11.6834 16.0976 11.2929 15.7071L5.29289 9.70711C4.90237 9.31658 4.90237 8.68342 5.29289 8.29289Z"
                      data-blade-component="svg-path"
                      fill="currentColor"
                      fill-rule="evenodd"
                    />
                  </svg>
                </div>
              </button>
            </div>
            <div
              aria-hidden="true"
              class="BaseBox-bmPWx iutvIJ"
              data-blade-component="collapsible-body"
              id="collapsible-body-2"
              role="region"
            >
              <div
                class="CollapsibleBodyContentweb__StyledCollapsibleBodyContent-sc-1oi3ngc-0 ffxHV"
              >
                <div
                  class="BaseBox-bmPWx hKzEfK"
                  data-blade-component="box"
                >
                  <div
                    class="BaseBox-bmPWx jXcuxc"
                    data-blade-component="base-box"
                  >
                    <p
                      class="StyledBaseText-dVBfTO fClwHQ"
                      data-blade-component="text"
                    >
                      Just use Razorpay. You may also check our docs for detailed instructions. Please use the search functionality to ask your queries.
                    </p>
                  </div>
                </div>
              </div>
            </div>
          </div>
        </div>
        <div
          class="BaseBox-bmPWx Divider__StyledDivider-sc-8k3avj-0 gSXrEz hSwZSx"
          data-blade-component="divider"
          role="separator"
        />
      </div>
      <div
        class="BaseBox-bmPWx iutvIJ"
        data-blade-component="accordion-item"
      >
        <div
          class="BaseBox-bmPWx iutvIJ"
          data-blade-component="collapsible"
        >
          <div
            class="BaseBox-bmPWx evuylY"
            data-blade-component="base-box"
          >
            <div
              aria-level="3"
              class="BaseBox-bmPWx da-dqiO"
              data-blade-component="base-box"
              role="heading"
            >
              <button
                aria-controls="collapsible-body-3"
                aria-expanded="false"
                class="StyledAccordionButtonweb__StyledAccordionButton-sc-1qxmqda-0 hVtPAG"
                data-blade-component="accordion-button"
              >
                <div
                  class="BaseBox-bmPWx clEEkF"
                  data-blade-component="base-box"
                >
                  <span
                    class="StyledBaseText-dVBfTO hYiPbA"
                    data-blade-component="heading"
                  >
                    How can I setup Subscriptions?
                  </span>
                </div>
                <div
                  aria-hidden="true"
                  class="BaseBox-bmPWx CollapsibleChevronIconweb__StyledCollapsibleChevronIcon-sc-1kwlg5h-0 iutvIJ kSvjVH"
                  data-blade-component="base-box"
                  direction="bottom"
                >
                  <svg
                    aria-hidden="true"
                    class="Svgweb__StyledSvg-vcmjs8-0 dhIfXO"
                    data-blade-component="icon"
                    fill="none"
                    height="20px"
                    viewBox="0 0 24 24"
                    width="20px"
                  >
                    <path
                      clip-rule="evenodd"
                      d="M5.29289 8.29289C5.68342 7.90237 6.31658 7.90237 6.70711 8.29289L12 13.5858L17.2929 8.29289C17.6834 7.90237 18.3166 7.90237 18.7071 8.29289C19.0976 8.68342 19.0976 9.31658 18.7071 9.70711L12.7071 15.7071C12.3166 16.0976 11.6834 16.0976 11.2929 15.7071L5.29289 9.70711C4.90237 9.31658 4.90237 8.68342 5.29289 8.29289Z"
                      data-blade-component="svg-path"
                      fill="currentColor"
                      fill-rule="evenodd"
                    />
                  </svg>
                </div>
              </button>
            </div>
            <div
              aria-hidden="true"
              class="BaseBox-bmPWx iutvIJ"
              data-blade-component="collapsible-body"
              id="collapsible-body-3"
              role="region"
            >
              <div
                class="CollapsibleBodyContentweb__StyledCollapsibleBodyContent-sc-1oi3ngc-0 ffxHV"
              >
                <div
                  class="BaseBox-bmPWx hKzEfK"
                  data-blade-component="box"
                >
                  <div
                    class="BaseBox-bmPWx jXcuxc"
                    data-blade-component="base-box"
                  >
                    <p
                      class="StyledBaseText-dVBfTO fClwHQ"
                      data-blade-component="text"
                    >
                      Just use Razorpay.
                    </p>
                  </div>
                </div>
              </div>
            </div>
          </div>
        </div>
        <div
          class="BaseBox-bmPWx Divider__StyledDivider-sc-8k3avj-0 gSXrEz hSwZSx"
          data-blade-component="divider"
          role="separator"
        />
      </div>
    </div>
  </div>
</div>
`;
