// Jest Snapshot v1, https://goo.gl/fbAQLP

exports[`<Tag /> should render tag 1`] = `"<div id=\\"root\\" data-reactroot=\\"\\"><div data-blade-component=\\"tag\\" class=\\"BaseBox-bmPWx Tag__FocussableTag-jmwb4r-0 iZePvJ\\"><div data-blade-component=\\"box\\" class=\\"BaseBox-bmPWx eEphev\\"><div data-blade-component=\\"box\\" class=\\"BaseBox-bmPWx dnZxUO\\"><div data-blade-component=\\"box\\" class=\\"BaseBox-bmPWx hbrzAK\\"><p class=\\"StyledBaseText-dVBfTO kDKzNc\\" data-blade-component=\\"text\\">in:User</p></div><button type=\\"button\\" aria-label=\\"Close in:User tag\\" data-blade-component=\\"icon-button\\" class=\\"StyledIconButtonweb__StyledButton-sc-1f4cg7d-0 gvuEeM\\"><svg aria-hidden=\\"true\\" data-blade-component=\\"icon\\" height=\\"12px\\" viewBox=\\"0 0 24 24\\" width=\\"12px\\" fill=\\"none\\" class=\\"Svgweb__StyledSvg-vcmjs8-0\\"><path d=\\"M18.7071 6.70711C19.0976 6.31658 19.0976 5.68342 18.7071 5.29289C18.3166 4.90237 17.6834 4.90237 17.2929 5.29289L12 10.5858L6.70711 5.29289C6.31658 4.90237 5.68342 4.90237 5.29289 5.29289C4.90237 5.68342 4.90237 6.31658 5.29289 6.70711L10.5858 12L5.29289 17.2929C4.90237 17.6834 4.90237 18.3166 5.29289 18.7071C5.68342 19.0976 6.31658 19.0976 6.70711 18.7071L12 13.4142L17.2929 18.7071C17.6834 19.0976 18.3166 19.0976 18.7071 18.7071C19.0976 18.3166 19.0976 17.6834 18.7071 17.2929L13.4142 12L18.7071 6.70711Z\\" fill=\\"currentColor\\" data-blade-component=\\"svg-path\\"></path></svg></button></div><div data-blade-component=\\"box\\" class=\\"BaseBox-bmPWx cfbWPC\\"><div data-blade-component=\\"box\\" class=\\"BaseBox-bmPWx hbrzAK\\"><p class=\\"StyledBaseText-dVBfTO kDKzNc\\" data-blade-component=\\"text\\">in:User</p></div><button type=\\"button\\" aria-label=\\"Close in:User tag\\" data-blade-component=\\"icon-button\\" class=\\"StyledIconButtonweb__StyledButton-sc-1f4cg7d-0 gvuEeM\\"><svg aria-hidden=\\"true\\" data-blade-component=\\"icon\\" height=\\"12px\\" viewBox=\\"0 0 24 24\\" width=\\"12px\\" fill=\\"none\\" class=\\"Svgweb__StyledSvg-vcmjs8-0\\"><path d=\\"M18.7071 6.70711C19.0976 6.31658 19.0976 5.68342 18.7071 5.29289C18.3166 4.90237 17.6834 4.90237 17.2929 5.29289L12 10.5858L6.70711 5.29289C6.31658 4.90237 5.68342 4.90237 5.29289 5.29289C4.90237 5.68342 4.90237 6.31658 5.29289 6.70711L10.5858 12L5.29289 17.2929C4.90237 17.6834 4.90237 18.3166 5.29289 18.7071C5.68342 19.0976 6.31658 19.0976 6.70711 18.7071L12 13.4142L17.2929 18.7071C17.6834 19.0976 18.3166 19.0976 18.7071 18.7071C19.0976 18.3166 19.0976 17.6834 18.7071 17.2929L13.4142 12L18.7071 6.70711Z\\" fill=\\"currentColor\\" data-blade-component=\\"svg-path\\"></path></svg></button></div></div></div></div>"`;

exports[`<Tag /> should render tag 2`] = `
<div
  data-reactroot=""
  id="root"
>
  <div
    class="BaseBox-bmPWx Tag__FocussableTag-jmwb4r-0 iZePvJ"
    data-blade-component="tag"
  >
    <div
      class="BaseBox-bmPWx eEphev"
      data-blade-component="box"
    >
      <div
        class="BaseBox-bmPWx dnZxUO"
        data-blade-component="box"
      >
        <div
          class="BaseBox-bmPWx hbrzAK"
          data-blade-component="box"
        >
          <p
            class="StyledBaseText-dVBfTO kDKzNc"
            data-blade-component="text"
          >
            in:User
          </p>
        </div>
        <button
          aria-label="Close in:User tag"
          class="StyledIconButtonweb__StyledButton-sc-1f4cg7d-0 gvuEeM"
          data-blade-component="icon-button"
          type="button"
        >
          <svg
            aria-hidden="true"
            class="Svgweb__StyledSvg-vcmjs8-0"
            data-blade-component="icon"
            fill="none"
            height="12px"
            viewBox="0 0 24 24"
            width="12px"
          >
            <path
              d="M18.7071 6.70711C19.0976 6.31658 19.0976 5.68342 18.7071 5.29289C18.3166 4.90237 17.6834 4.90237 17.2929 5.29289L12 10.5858L6.70711 5.29289C6.31658 4.90237 5.68342 4.90237 5.29289 5.29289C4.90237 5.68342 4.90237 6.31658 5.29289 6.70711L10.5858 12L5.29289 17.2929C4.90237 17.6834 4.90237 18.3166 5.29289 18.7071C5.68342 19.0976 6.31658 19.0976 6.70711 18.7071L12 13.4142L17.2929 18.7071C17.6834 19.0976 18.3166 19.0976 18.7071 18.7071C19.0976 18.3166 19.0976 17.6834 18.7071 17.2929L13.4142 12L18.7071 6.70711Z"
              data-blade-component="svg-path"
              fill="currentColor"
            />
          </svg>
        </button>
      </div>
      <div
        class="BaseBox-bmPWx cfbWPC"
        data-blade-component="box"
      >
        <div
          class="BaseBox-bmPWx hbrzAK"
          data-blade-component="box"
        >
          <p
            class="StyledBaseText-dVBfTO kDKzNc"
            data-blade-component="text"
          >
            in:User
          </p>
        </div>
        <button
          aria-label="Close in:User tag"
          class="StyledIconButtonweb__StyledButton-sc-1f4cg7d-0 gvuEeM"
          data-blade-component="icon-button"
          type="button"
        >
          <svg
            aria-hidden="true"
            class="Svgweb__StyledSvg-vcmjs8-0"
            data-blade-component="icon"
            fill="none"
            height="12px"
            viewBox="0 0 24 24"
            width="12px"
          >
            <path
              d="M18.7071 6.70711C19.0976 6.31658 19.0976 5.68342 18.7071 5.29289C18.3166 4.90237 17.6834 4.90237 17.2929 5.29289L12 10.5858L6.70711 5.29289C6.31658 4.90237 5.68342 4.90237 5.29289 5.29289C4.90237 5.68342 4.90237 6.31658 5.29289 6.70711L10.5858 12L5.29289 17.2929C4.90237 17.6834 4.90237 18.3166 5.29289 18.7071C5.68342 19.0976 6.31658 19.0976 6.70711 18.7071L12 13.4142L17.2929 18.7071C17.6834 19.0976 18.3166 19.0976 18.7071 18.7071C19.0976 18.3166 19.0976 17.6834 18.7071 17.2929L13.4142 12L18.7071 6.70711Z"
              data-blade-component="svg-path"
              fill="currentColor"
            />
          </svg>
        </button>
      </div>
    </div>
  </div>
</div>
`;
