// Jest Snapshot v1, https://goo.gl/fbAQLP

exports[`<VisuallyHidden /> should render VisuallyHidden content 1`] = `
<View
  style={
    {
      "flex": 1,
    }
  }
>
  <View
    data-blade-component="visually-hidden"
    style={
      [
        {},
      ]
    }
  >
    <Text>
      Text only visible to screen readers
    </Text>
  </View>
</View>
`;
