// Jest Snapshot v1, https://goo.gl/fbAQLP

exports[`<BaseBox /> should render BaseBox component with elevation 1`] = `
<View
  style={
    {
      "flex": 1,
    }
  }
>
  <View
    backgroundColor="surface.background.level1.lowContrast"
    data-blade-component="base-box"
    elevation="highRaised"
    height="200px"
    style={
      [
        {},
        {
          "elevation": 26,
          "shadowColor": "hsla(217, 56%, 17%, 0.64)",
          "shadowOffset": {
            "height": 18,
            "width": 0,
          },
          "shadowOpacity": 0.2,
          "shadowRadius": 12,
        },
        undefined,
      ]
    }
    width="200px"
  >
    <Text
      accessible={true}
      color="surface.text.normal.lowContrast"
      data-blade-component="text"
      fontFamily="text"
      fontSize={100}
      fontStyle="normal"
      fontWeight="regular"
      lineHeight={100}
      style={
        [
          {
            "color": "hsla(217, 56%, 17%, 1)",
            "fontFamily": "Lato",
            "fontSize": 14,
            "fontStyle": "normal",
            "fontWeight": "400",
            "lineHeight": 20,
            "marginBottom": 0,
            "marginLeft": 0,
            "marginRight": 0,
            "marginTop": 0,
            "paddingBottom": 0,
            "paddingLeft": 0,
            "paddingRight": 0,
            "paddingTop": 0,
            "textDecorationLine": "none",
          },
        ]
      }
    >
      Should only have 1 View wrapper
    </Text>
  </View>
</View>
`;

exports[`<BaseBox /> should render BaseBox component with the correct styles 1`] = `
<View
  style={
    {
      "flex": 1,
    }
  }
>
  <View
    alignItems="center"
    alignSelf="center"
    bottom="0px"
    data-blade-component="base-box"
    display="flex"
    height="auto"
    justifyContent="center"
    left="0px"
    maxHeight="56px"
    maxWidth="56px"
    minHeight="48px"
    minWidth="48px"
    overflow="hidden"
    position="absolute"
    right="0px"
    style={
      [
        {},
      ]
    }
    top="0px"
    width="auto"
  />
</View>
`;
