// Jest Snapshot v1, https://goo.gl/fbAQLP

exports[`<Box /> should render Box as footer tag 1`] = `"<div id="root"><footer data-blade-component="box" class="BaseBox-bmPWx klGTAr">Footer test!</footer></div>"`;

exports[`<Box /> should render Box component with supported styles 1`] = `"<div id="root"><div data-blade-component="box" class="BaseBox-bmPWx iANKZd">children test!</div></div>"`;

exports[`<Box /> should throw error for unsupport as prop 1`] = `"<div id="root"><button data-blade-component="box" class="BaseBox-bmPWx iutvIJ"></button></div>"`;

exports[`<Box /> should throw error for unsupport values 1`] = `"<div id="root"><div data-blade-component="box" class="BaseBox-bmPWx fFKrqh"></div></div>"`;
