// Jest Snapshot v1, https://goo.gl/fbAQLP

exports[`<Counter /> should limit value with max prop 1`] = `"<div id="root"><div data-blade-component="counter" class="BaseBox-bmPWx gqpWEB"><div data-blade-component="base-box" class="BaseBox-bmPWx StyledCounterweb__StyledCounter-sc-1itt9w6-0 cfmnlm edcRpN"><div data-blade-component="base-box" class="BaseBox-bmPWx bvGbXd"><p class="StyledBaseText-dVBfTO jgInrd" data-blade-component="text">10+</p></div></div></div></div>"`;
