// Jest Snapshot v1, https://goo.gl/fbAQLP

exports[`<Chip /> should render with icon 1`] = `"<div id="root"><div data-blade-component="base-box" class="BaseBox-bmPWx iutvIJ"><div role="radiogroup" aria-labelledby="chip-group-undefined-label" data-blade-component="chip-group" class="BaseBox-bmPWx krWiCt"><div data-blade-component="base-box" class="BaseBox-bmPWx iutvIJ"><div data-blade-component="visually-hidden" class="VisuallyHiddenweb__StyledVisuallyHidden-g3hls3-0 ctjjOt"><p class="StyledBaseText-dVBfTO kGtJcI" data-blade-component="text">Select fruits</p></div><div data-blade-component="base-box" class="BaseBox-bmPWx bjWmgG"><div data-blade-component="base-box" class="BaseBox-bmPWx kfuYwC"><div data-blade-component="chip" class="BaseBox-bmPWx gqpWEB"><label style="cursor:pointer" data-blade-component="chip-label" class="SelectorLabelweb__StyledSelectorLabel-sc-1yoi09a-0 jaNjoE"><div data-blade-component="base-box" class="BaseBox-bmPWx fJMlQh"><div data-blade-component="base-box" class="BaseBox-bmPWx bgHiDR"><input type="radio" role="radio" aria-required="false" aria-invalid="false" aria-disabled="false" aria-checked="false" aria-describedby="radio-undefined-helptext-undefined" class="SelectorInputweb__StyledInput-sc-1bnkrae-0 hZTEMc" value="apple"/><div data-blade-component="base-box" class="BaseBox-bmPWx AnimatedChipweb__AnimatedChip-sc-1xiynj1-0 esLJyh eXRzP"><div data-blade-component="base-box" class="BaseBox-bmPWx StyledChipWrapperweb__StyledChipWrapper-sc-1p3u1xx-0 ftUEKp Etaat"><div data-blade-component="base-box" class="BaseBox-bmPWx kNKqCk"><svg aria-hidden="true" data-blade-component="icon" height="12px" viewBox="0 0 24 24" width="12px" fill="none" class="Svgweb__StyledSvg-vcmjs8-0 dhIfXO"><path d="M12 11C12.5523 11 13 11.4477 13 12V16C13 16.5523 12.5523 17 12 17C11.4477 17 11 16.5523 11 16V12C11 11.4477 11.4477 11 12 11Z" fill="hsla(216, 27%, 36%, 1)" data-blade-component="svg-path"></path><path d="M12 7C11.4477 7 11 7.44772 11 8C11 8.55228 11.4477 9 12 9H12.01C12.5623 9 13.01 8.55228 13.01 8C13.01 7.44772 12.5623 7 12.01 7H12Z" fill="hsla(216, 27%, 36%, 1)" data-blade-component="svg-path"></path><path d="M1 12C1 5.92487 5.92487 1 12 1C18.0751 1 23 5.92487 23 12C23 18.0751 18.0751 23 12 23C5.92487 23 1 18.0751 1 12ZM12 3C7.02944 3 3 7.02944 3 12C3 16.9706 7.02944 21 12 21C16.9706 21 21 16.9706 21 12C21 7.02944 16.9706 3 12 3Z" clip-rule="evenodd" fill="hsla(216, 27%, 36%, 1)" fill-rule="evenodd" data-blade-component="svg-path"></path></svg></div><p class="StyledBaseText-dVBfTO jZRRWr" data-blade-component="text">Apple</p></div></div></div></div></label></div></div><div data-blade-component="base-box" class="BaseBox-bmPWx kfuYwC"><div data-blade-component="chip" class="BaseBox-bmPWx gqpWEB"><label style="cursor:pointer" data-blade-component="chip-label" class="SelectorLabelweb__StyledSelectorLabel-sc-1yoi09a-0 jaNjoE"><div data-blade-component="base-box" class="BaseBox-bmPWx fJMlQh"><div data-blade-component="base-box" class="BaseBox-bmPWx bgHiDR"><input type="radio" role="radio" aria-required="false" aria-invalid="false" aria-disabled="false" aria-checked="false" aria-describedby="radio-undefined-helptext-undefined" class="SelectorInputweb__StyledInput-sc-1bnkrae-0 hZTEMc" value="mango"/><div data-blade-component="base-box" class="BaseBox-bmPWx AnimatedChipweb__AnimatedChip-sc-1xiynj1-0 esLJyh eXRzP"><div data-blade-component="base-box" class="BaseBox-bmPWx StyledChipWrapperweb__StyledChipWrapper-sc-1p3u1xx-0 ftUEKp Etaat"><div data-blade-component="base-box" class="BaseBox-bmPWx kNKqCk"><svg aria-hidden="true" data-blade-component="icon" height="12px" viewBox="0 0 24 24" width="12px" fill="none" class="Svgweb__StyledSvg-vcmjs8-0 dhIfXO"><path d="M12 11C12.5523 11 13 11.4477 13 12V16C13 16.5523 12.5523 17 12 17C11.4477 17 11 16.5523 11 16V12C11 11.4477 11.4477 11 12 11Z" fill="hsla(216, 27%, 36%, 1)" data-blade-component="svg-path"></path><path d="M12 7C11.4477 7 11 7.44772 11 8C11 8.55228 11.4477 9 12 9H12.01C12.5623 9 13.01 8.55228 13.01 8C13.01 7.44772 12.5623 7 12.01 7H12Z" fill="hsla(216, 27%, 36%, 1)" data-blade-component="svg-path"></path><path d="M1 12C1 5.92487 5.92487 1 12 1C18.0751 1 23 5.92487 23 12C23 18.0751 18.0751 23 12 23C5.92487 23 1 18.0751 1 12ZM12 3C7.02944 3 3 7.02944 3 12C3 16.9706 7.02944 21 12 21C16.9706 21 21 16.9706 21 12C21 7.02944 16.9706 3 12 3Z" clip-rule="evenodd" fill="hsla(216, 27%, 36%, 1)" fill-rule="evenodd" data-blade-component="svg-path"></path></svg></div><p class="StyledBaseText-dVBfTO jZRRWr" data-blade-component="text">Mango</p></div></div></div></div></label></div></div></div></div></div></div></div>"`;

exports[`<Chip /> should render with icon 2`] = `
<div
  id="root"
>
  <div
    class="BaseBox-bmPWx iutvIJ"
    data-blade-component="base-box"
  >
    <div
      aria-labelledby="chip-group-5-label"
      class="BaseBox-bmPWx krWiCt"
      data-blade-component="chip-group"
      role="radiogroup"
    >
      <div
        class="BaseBox-bmPWx iutvIJ"
        data-blade-component="base-box"
      >
        <div
          class="VisuallyHiddenweb__StyledVisuallyHidden-g3hls3-0 ctjjOt"
          data-blade-component="visually-hidden"
        >
          <p
            class="StyledBaseText-dVBfTO kGtJcI"
            data-blade-component="text"
          >
            Select fruits
          </p>
        </div>
        <div
          class="BaseBox-bmPWx bjWmgG"
          data-blade-component="base-box"
        >
          <div
            class="BaseBox-bmPWx kfuYwC"
            data-blade-component="base-box"
          >
            <div
              class="BaseBox-bmPWx gqpWEB"
              data-blade-component="chip"
            >
              <label
                class="SelectorLabelweb__StyledSelectorLabel-sc-1yoi09a-0 jaNjoE"
                data-blade-component="chip-label"
                style="cursor:pointer"
              >
                <div
                  class="BaseBox-bmPWx fJMlQh"
                  data-blade-component="base-box"
                >
                  <div
                    class="BaseBox-bmPWx bgHiDR"
                    data-blade-component="base-box"
                  >
                    <input
                      aria-checked="false"
                      aria-describedby="radio-1-helptext-2"
                      aria-disabled="false"
                      aria-invalid="false"
                      aria-required="false"
                      class="SelectorInputweb__StyledInput-sc-1bnkrae-0 hZTEMc"
                      role="radio"
                      type="radio"
                      value="apple"
                    />
                    <div
                      class="BaseBox-bmPWx AnimatedChipweb__AnimatedChip-sc-1xiynj1-0 esLJyh eXRzP"
                      data-blade-component="base-box"
                    >
                      <div
                        class="BaseBox-bmPWx StyledChipWrapperweb__StyledChipWrapper-sc-1p3u1xx-0 ftUEKp Etaat"
                        data-blade-component="base-box"
                      >
                        <div
                          class="BaseBox-bmPWx kNKqCk"
                          data-blade-component="base-box"
                        >
                          <svg
                            aria-hidden="true"
                            class="Svgweb__StyledSvg-vcmjs8-0 dhIfXO"
                            data-blade-component="icon"
                            fill="none"
                            height="12px"
                            viewBox="0 0 24 24"
                            width="12px"
                          >
                            <path
                              d="M12 11C12.5523 11 13 11.4477 13 12V16C13 16.5523 12.5523 17 12 17C11.4477 17 11 16.5523 11 16V12C11 11.4477 11.4477 11 12 11Z"
                              data-blade-component="svg-path"
                              fill="hsla(216, 27%, 36%, 1)"
                            />
                            <path
                              d="M12 7C11.4477 7 11 7.44772 11 8C11 8.55228 11.4477 9 12 9H12.01C12.5623 9 13.01 8.55228 13.01 8C13.01 7.44772 12.5623 7 12.01 7H12Z"
                              data-blade-component="svg-path"
                              fill="hsla(216, 27%, 36%, 1)"
                            />
                            <path
                              clip-rule="evenodd"
                              d="M1 12C1 5.92487 5.92487 1 12 1C18.0751 1 23 5.92487 23 12C23 18.0751 18.0751 23 12 23C5.92487 23 1 18.0751 1 12ZM12 3C7.02944 3 3 7.02944 3 12C3 16.9706 7.02944 21 12 21C16.9706 21 21 16.9706 21 12C21 7.02944 16.9706 3 12 3Z"
                              data-blade-component="svg-path"
                              fill="hsla(216, 27%, 36%, 1)"
                              fill-rule="evenodd"
                            />
                          </svg>
                        </div>
                        <p
                          class="StyledBaseText-dVBfTO jZRRWr"
                          data-blade-component="text"
                        >
                          Apple
                        </p>
                      </div>
                    </div>
                  </div>
                </div>
              </label>
            </div>
          </div>
          <div
            class="BaseBox-bmPWx kfuYwC"
            data-blade-component="base-box"
          >
            <div
              class="BaseBox-bmPWx gqpWEB"
              data-blade-component="chip"
            >
              <label
                class="SelectorLabelweb__StyledSelectorLabel-sc-1yoi09a-0 jaNjoE"
                data-blade-component="chip-label"
                style="cursor:pointer"
              >
                <div
                  class="BaseBox-bmPWx fJMlQh"
                  data-blade-component="base-box"
                >
                  <div
                    class="BaseBox-bmPWx bgHiDR"
                    data-blade-component="base-box"
                  >
                    <input
                      aria-checked="false"
                      aria-describedby="radio-3-helptext-4"
                      aria-disabled="false"
                      aria-invalid="false"
                      aria-required="false"
                      class="SelectorInputweb__StyledInput-sc-1bnkrae-0 hZTEMc"
                      role="radio"
                      type="radio"
                      value="mango"
                    />
                    <div
                      class="BaseBox-bmPWx AnimatedChipweb__AnimatedChip-sc-1xiynj1-0 esLJyh eXRzP"
                      data-blade-component="base-box"
                    >
                      <div
                        class="BaseBox-bmPWx StyledChipWrapperweb__StyledChipWrapper-sc-1p3u1xx-0 ftUEKp Etaat"
                        data-blade-component="base-box"
                      >
                        <div
                          class="BaseBox-bmPWx kNKqCk"
                          data-blade-component="base-box"
                        >
                          <svg
                            aria-hidden="true"
                            class="Svgweb__StyledSvg-vcmjs8-0 dhIfXO"
                            data-blade-component="icon"
                            fill="none"
                            height="12px"
                            viewBox="0 0 24 24"
                            width="12px"
                          >
                            <path
                              d="M12 11C12.5523 11 13 11.4477 13 12V16C13 16.5523 12.5523 17 12 17C11.4477 17 11 16.5523 11 16V12C11 11.4477 11.4477 11 12 11Z"
                              data-blade-component="svg-path"
                              fill="hsla(216, 27%, 36%, 1)"
                            />
                            <path
                              d="M12 7C11.4477 7 11 7.44772 11 8C11 8.55228 11.4477 9 12 9H12.01C12.5623 9 13.01 8.55228 13.01 8C13.01 7.44772 12.5623 7 12.01 7H12Z"
                              data-blade-component="svg-path"
                              fill="hsla(216, 27%, 36%, 1)"
                            />
                            <path
                              clip-rule="evenodd"
                              d="M1 12C1 5.92487 5.92487 1 12 1C18.0751 1 23 5.92487 23 12C23 18.0751 18.0751 23 12 23C5.92487 23 1 18.0751 1 12ZM12 3C7.02944 3 3 7.02944 3 12C3 16.9706 7.02944 21 12 21C16.9706 21 21 16.9706 21 12C21 7.02944 16.9706 3 12 3Z"
                              data-blade-component="svg-path"
                              fill="hsla(216, 27%, 36%, 1)"
                              fill-rule="evenodd"
                            />
                          </svg>
                        </div>
                        <p
                          class="StyledBaseText-dVBfTO jZRRWr"
                          data-blade-component="text"
                        >
                          Mango
                        </p>
                      </div>
                    </div>
                  </div>
                </div>
              </label>
            </div>
          </div>
        </div>
      </div>
    </div>
  </div>
</div>
`;
