// Jest Snapshot v1, https://goo.gl/fbAQLP

exports[`<TextArea /> should render TextArea on server and have autofocus on client 1`] = `"<div id="root"><div data-blade-component="textarea" class="BaseBox-bmPWx iutvIJ"><div data-blade-component="base-box" class="BaseBox-bmPWx jjVhDm"><div data-blade-component="base-box" class="BaseBox-bmPWx bNyHbK"><label for="textarea-undefined-input-undefined" style="width:auto;flex-shrink:0;margin-right:16px" data-blade-component="form-label"><div data-blade-component="base-box" class="BaseBox-bmPWx cWPgGA"><div data-blade-component="base-box" class="BaseBox-bmPWx cEagQj"><p class="StyledBaseText-dVBfTO caEKek" data-blade-component="text">Enter name</p><div data-blade-component="visually-hidden" class="VisuallyHiddenweb__StyledVisuallyHidden-g3hls3-0 ijVANw"><p class="StyledBaseText-dVBfTO kGtJcI" data-blade-component="text"></p></div></div></div></label></div><div data-blade-component="base-box" class="BaseBox-bmPWx AnimatedBaseInputWrapperweb__StyledBaseInputWrapper-e1vobd-0 AnimatedBaseInputWrapperweb__StyledAnimatedBaseInputWrapper-e1vobd-1 iutvIJ ibWdDj"><textarea type="text" rows="2" id="textarea-undefined-input-undefined" autofocus="" data-blade-component="styled-base-input" aria-required="false" aria-disabled="false" aria-invalid="false" aria-describedby="" class="StyledBaseInputweb__StyledBaseNativeInput-hsusrk-0 eWfcPA"></textarea><div data-blade-component="base-box" class="BaseBox-bmPWx BaseInputAnimatedBorderweb__BaseInputStyledAnimatedBorder-sc-2cepod-0 iutvIJ dCWMmg"></div></div></div><div data-blade-component="base-box" class="BaseBox-bmPWx hVlzDw"><div data-blade-component="base-box" class="BaseBox-bmPWx euuYYv"></div></div></div></div>"`;

exports[`<TextArea /> should render TextArea on server and have autofocus on client 2`] = `
<div
  id="root"
>
  <div
    class="BaseBox-bmPWx iutvIJ"
    data-blade-component="textarea"
  >
    <div
      class="BaseBox-bmPWx jjVhDm"
      data-blade-component="base-box"
    >
      <div
        class="BaseBox-bmPWx bNyHbK"
        data-blade-component="base-box"
      >
        <label
          data-blade-component="form-label"
          for="textarea-1-input-2"
          style="width:auto;flex-shrink:0;margin-right:16px"
        >
          <div
            class="BaseBox-bmPWx cWPgGA"
            data-blade-component="base-box"
          >
            <div
              class="BaseBox-bmPWx cEagQj"
              data-blade-component="base-box"
            >
              <p
                class="StyledBaseText-dVBfTO caEKek"
                data-blade-component="text"
              >
                Enter name
              </p>
              <div
                class="VisuallyHiddenweb__StyledVisuallyHidden-g3hls3-0 ijVANw"
                data-blade-component="visually-hidden"
              >
                <p
                  class="StyledBaseText-dVBfTO kGtJcI"
                  data-blade-component="text"
                />
              </div>
            </div>
          </div>
        </label>
      </div>
      <div
        class="BaseBox-bmPWx AnimatedBaseInputWrapperweb__StyledBaseInputWrapper-e1vobd-0 AnimatedBaseInputWrapperweb__StyledAnimatedBaseInputWrapper-e1vobd-1 iutvIJ ibWdDj"
        data-blade-component="base-box"
      >
        <textarea
          aria-describedby=""
          aria-disabled="false"
          aria-invalid="false"
          aria-required="false"
          autofocus=""
          class="StyledBaseInputweb__StyledBaseNativeInput-hsusrk-0 eWfcPA"
          data-blade-component="styled-base-input"
          id="textarea-1-input-2"
          rows="2"
          type="text"
        />
        <div
          class="BaseBox-bmPWx BaseInputAnimatedBorderweb__BaseInputStyledAnimatedBorder-sc-2cepod-0 iutvIJ dCWMmg"
          data-blade-component="base-box"
        />
      </div>
    </div>
    <div
      class="BaseBox-bmPWx hVlzDw"
      data-blade-component="base-box"
    >
      <div
        class="BaseBox-bmPWx euuYYv"
        data-blade-component="base-box"
      />
    </div>
  </div>
</div>
`;
