// Jest Snapshot v1, https://goo.gl/fbAQLP

exports[`<TextArea /> should render 1`] = `
<View
  style={
    {
      "flex": 1,
    }
  }
>
  <View
    data-blade-component="textarea"
    style={
      [
        {},
      ]
    }
  >
    <View
      data-blade-component="base-box"
      display="flex"
      flexDirection="column"
      position="relative"
      style={
        [
          {},
        ]
      }
      width="100%"
    >
      <View
        alignSelf="flex-start"
        data-blade-component="base-box"
        display="flex"
        flexDirection="row"
        justifyContent="space-between"
        style={
          [
            {},
          ]
        }
      >
        <View
          data-blade-component="base-box"
          style={
            [
              {},
            ]
          }
        >
          <View
            alignItems="center"
            data-blade-component="base-box"
            display="flex"
            flexDirection="row"
            flexWrap="wrap"
            gap="spacing.0"
            maxHeight="36px"
            style={
              [
                {},
              ]
            }
          >
            <Text
              accessible={true}
              color="surface.text.subdued.lowContrast"
              data-blade-component="text"
              fontFamily="text"
              fontSize={75}
              fontStyle="normal"
              fontWeight="bold"
              lineHeight={50}
              numberOfLines={2}
              style={
                [
                  {
                    "color": "hsla(217, 18%, 45%, 1)",
                    "fontFamily": "Lato",
                    "fontSize": 12,
                    "fontStyle": "normal",
                    "fontWeight": "700",
                    "lineHeight": 16,
                    "marginBottom": 0,
                    "marginLeft": 0,
                    "marginRight": 0,
                    "marginTop": 0,
                    "paddingBottom": 0,
                    "paddingLeft": 0,
                    "paddingRight": 0,
                    "paddingTop": 0,
                    "textDecorationLine": "none",
                  },
                ]
              }
            >
              Enter name
            </Text>
            <View
              data-blade-component="visually-hidden"
              style={
                [
                  {},
                ]
              }
            >
              <Text
                accessible={true}
                color="surface.text.normal.lowContrast"
                data-blade-component="text"
                fontFamily="text"
                fontSize={100}
                fontStyle="normal"
                fontWeight="regular"
                lineHeight={100}
                style={
                  [
                    {
                      "color": "hsla(217, 56%, 17%, 1)",
                      "fontFamily": "Lato",
                      "fontSize": 14,
                      "fontStyle": "normal",
                      "fontWeight": "400",
                      "lineHeight": 20,
                      "marginBottom": 0,
                      "marginLeft": 0,
                      "marginRight": 0,
                      "marginTop": 0,
                      "paddingBottom": 0,
                      "paddingLeft": 0,
                      "paddingRight": 0,
                      "paddingTop": 0,
                      "textDecorationLine": "none",
                    },
                  ]
                }
              />
            </View>
          </View>
        </View>
      </View>
      <View
        currentInteraction="default"
        isTextArea={true}
        style={
          [
            {},
            {},
          ]
        }
      >
        <TextInput
          accessibilityDescribedBy=""
          accessibilityInvalid={false}
          accessibilityRequired={false}
          accessibilityState={
            {
              "disabled": false,
              "expanded": undefined,
            }
          }
          accessible={true}
          data-blade-component="styled-base-input"
          editable={true}
          hasTags={false}
          id="textarea-1-input-2"
          interactionElement={null}
          isFocused={false}
          isTextArea={true}
          keyboardType="default"
          multiline={true}
          numberOfLines={2}
          onBlur={[Function]}
          onChangeText={[Function]}
          onEndEditing={[Function]}
          onFocus={[Function]}
          onKeyPress={[Function]}
          onSubmitEditing={[Function]}
          secureTextEntry={false}
          style={
            [
              {
                "height": 48,
                "textAlignVertical": "top",
              },
            ]
          }
        />
        <View
          style={
            [
              {
                "backgroundColor": "hsla(218, 89%, 51%, 1)",
                "bottom": 0,
                "height": 1,
                "left": 0,
                "opacity": 1,
                "position": "absolute",
                "right": 0,
              },
              {
                "opacity": undefined,
                "width": "undefined%",
              },
            ]
          }
        />
      </View>
    </View>
    <View
      data-blade-component="base-box"
      style={
        [
          {},
        ]
      }
    >
      <View
        data-blade-component="base-box"
        display="flex"
        flexDirection="row"
        justifyContent="flex-end"
        style={
          [
            {},
          ]
        }
      />
    </View>
  </View>
</View>
`;
