// Jest Snapshot v1, https://goo.gl/fbAQLP

exports[`<Divider /> should render Divider on server 1`] = `"<div id="root"><div data-blade-component="box" class="BaseBox-bmPWx kAPYNl"><div data-blade-component="divider" role="separator" class="BaseBox-bmPWx Divider__StyledDivider-sc-8k3avj-0 gSXrEz hSwZSx"></div></div></div>"`;

exports[`<Divider /> should render Divider on server 2`] = `
<div
  id="root"
>
  <div
    class="BaseBox-bmPWx kAPYNl"
    data-blade-component="box"
  >
    <div
      class="BaseBox-bmPWx Divider__StyledDivider-sc-8k3avj-0 gSXrEz hSwZSx"
      data-blade-component="divider"
      role="separator"
    />
  </div>
</div>
`;
